Component: ARM Compiler 6.14 Tool: armlink [5db06800]

==============================================================================

Section Cross References

    bsp_nuc220x_uart.o(.text.bsp_nuc220x_UART_init) refers to clk.o(.text.CLK_EnableModuleClock) for CLK_EnableModuleClock
    bsp_nuc220x_uart.o(.text.bsp_nuc220x_UART_init) refers to uart.o(.text.UART_Open) for UART_Open
    bsp_nuc220x_uart.o(.ARM.exidx.text.bsp_nuc220x_UART_init) refers to bsp_nuc220x_uart.o(.text.bsp_nuc220x_UART_init) for [Anonymous Symbol]
    bsp_nuc220x_uart.o(.ARM.exidx.text.bsp_nuc220x_UART_send_data) refers to bsp_nuc220x_uart.o(.text.bsp_nuc220x_UART_send_data) for [Anonymous Symbol]
    bsp_nuc220x_uart.o(.ARM.exidx.text.bsp_nuc220x_UART_receive_data) refers to bsp_nuc220x_uart.o(.text.bsp_nuc220x_UART_receive_data) for [Anonymous Symbol]
    bsp_nuc220x_uart.o(.text.bsp_nuc220x_UART_reset_data) refers to uart.o(.text.UART_ClearIntFlag) for UART_ClearIntFlag
    bsp_nuc220x_uart.o(.text.bsp_nuc220x_UART_reset_data) refers to bsp_nuc220x_uart.o(.bss.sp_host_rx_cnt) for sp_host_rx_cnt
    bsp_nuc220x_uart.o(.text.bsp_nuc220x_UART_reset_data) refers to bsp_nuc220x_uart.o(.bss.sp_host_rx_flag) for sp_host_rx_flag
    bsp_nuc220x_uart.o(.text.bsp_nuc220x_UART_reset_data) refers to bsp_nuc220x_uart.o(.bss.sp_host_rx) for sp_host_rx
    bsp_nuc220x_uart.o(.ARM.exidx.text.bsp_nuc220x_UART_reset_data) refers to bsp_nuc220x_uart.o(.text.bsp_nuc220x_UART_reset_data) for [Anonymous Symbol]
    bsp_nuc220x_system.o(.text.SYS_Init) refers to clk.o(.text.CLK_EnableXtalRC) for CLK_EnableXtalRC
    bsp_nuc220x_system.o(.text.SYS_Init) refers to clk.o(.text.CLK_WaitClockReady) for CLK_WaitClockReady
    bsp_nuc220x_system.o(.text.SYS_Init) refers to clk.o(.text.CLK_SetHCLK) for CLK_SetHCLK
    bsp_nuc220x_system.o(.text.SYS_Init) refers to clk.o(.text.CLK_SetCoreClock) for CLK_SetCoreClock
    bsp_nuc220x_system.o(.ARM.exidx.text.SYS_Init) refers to bsp_nuc220x_system.o(.text.SYS_Init) for [Anonymous Symbol]
    bsp_nuc220x_system.o(.text.bsp_nuc220x_TIMER0_init) refers to clk.o(.text.CLK_EnableModuleClock) for CLK_EnableModuleClock
    bsp_nuc220x_system.o(.text.bsp_nuc220x_TIMER0_init) refers to clk.o(.text.CLK_SetModuleClock) for CLK_SetModuleClock
    bsp_nuc220x_system.o(.ARM.exidx.text.bsp_nuc220x_TIMER0_init) refers to bsp_nuc220x_system.o(.text.bsp_nuc220x_TIMER0_init) for [Anonymous Symbol]
    bsp_nuc220x_system.o(.text.bsp_nu220x_systick_enable) refers to bsp_nuc220x_system.o(.text.bsp_nuc220x_TIMER0_init) for bsp_nuc220x_TIMER0_init
    bsp_nuc220x_system.o(.text.bsp_nu220x_systick_enable) refers to bsp_nuc220x_system.o(.text.SB_Timer1_Init) for SB_Timer1_Init
    bsp_nuc220x_system.o(.text.bsp_nu220x_systick_enable) refers to clk.o(.text.CLK_EnableModuleClock) for CLK_EnableModuleClock
    bsp_nuc220x_system.o(.text.bsp_nu220x_systick_enable) refers to clk.o(.text.CLK_SetModuleClock) for CLK_SetModuleClock
    bsp_nuc220x_system.o(.text.bsp_nu220x_systick_enable) refers to timer.o(.text.TIMER_Open) for TIMER_Open
    bsp_nuc220x_system.o(.text.bsp_nu220x_systick_enable) refers to bsp_nuc220x_system.o(.text.TIMER_EnableInt) for TIMER_EnableInt
    bsp_nuc220x_system.o(.text.bsp_nu220x_systick_enable) refers to bsp_nuc220x_system.o(.text.NVIC_SetPriority) for NVIC_SetPriority
    bsp_nuc220x_system.o(.text.bsp_nu220x_systick_enable) refers to bsp_nuc220x_system.o(.text.NVIC_EnableIRQ) for NVIC_EnableIRQ
    bsp_nuc220x_system.o(.text.bsp_nu220x_systick_enable) refers to bsp_nuc220x_system.o(.text.TIMER_Start) for TIMER_Start
    bsp_nuc220x_system.o(.ARM.exidx.text.bsp_nu220x_systick_enable) refers to bsp_nuc220x_system.o(.text.bsp_nu220x_systick_enable) for [Anonymous Symbol]
    bsp_nuc220x_system.o(.text.SB_Timer1_Init) refers to clk.o(.text.CLK_SetModuleClock) for CLK_SetModuleClock
    bsp_nuc220x_system.o(.text.SB_Timer1_Init) refers to clk.o(.text.CLK_EnableModuleClock) for CLK_EnableModuleClock
    bsp_nuc220x_system.o(.text.SB_Timer1_Init) refers to sys.o(.text.SYS_ResetModule) for SYS_ResetModule
    bsp_nuc220x_system.o(.text.SB_Timer1_Init) refers to timer.o(.text.TIMER_Open) for TIMER_Open
    bsp_nuc220x_system.o(.text.SB_Timer1_Init) refers to bsp_nuc220x_system.o(.text.TIMER_EnableInt) for TIMER_EnableInt
    bsp_nuc220x_system.o(.text.SB_Timer1_Init) refers to bsp_nuc220x_system.o(.text.NVIC_EnableIRQ) for NVIC_EnableIRQ
    bsp_nuc220x_system.o(.text.SB_Timer1_Init) refers to bsp_nuc220x_system.o(.bss.tick_timer1) for tick_timer1
    bsp_nuc220x_system.o(.ARM.exidx.text.SB_Timer1_Init) refers to bsp_nuc220x_system.o(.text.SB_Timer1_Init) for [Anonymous Symbol]
    bsp_nuc220x_system.o(.ARM.exidx.text.TIMER_EnableInt) refers to bsp_nuc220x_system.o(.text.TIMER_EnableInt) for [Anonymous Symbol]
    bsp_nuc220x_system.o(.ARM.exidx.text.NVIC_SetPriority) refers to bsp_nuc220x_system.o(.text.NVIC_SetPriority) for [Anonymous Symbol]
[...]
    uart.o(.ARM.exidx.text.UART_SelectIrDAMode) refers to uart.o(.text.UART_SelectIrDAMode) for [Anonymous Symbol]
    uart.o(.ARM.exidx.text.UART_SelectRS485Mode) refers to uart.o(.text.UART_SelectRS485Mode) for [Anonymous Symbol]
    uart.o(.ARM.exidx.text.UART_SelectLINMode) refers to uart.o(.text.UART_SelectLINMode) for [Anonymous Symbol]
    uart.o(.ARM.exidx.text.UART_Write) refers to uart.o(.text.UART_Write) for [Anonymous Symbol]
    wdt.o(.ARM.exidx.text.WDT_Open) refers to wdt.o(.text.WDT_Open) for [Anonymous Symbol]
    main.o(.text.main) refers to bsp_nuc220x_system.o(.text.bsp_nu220x_systems_init) for bsp_nu220x_systems_init
    main.o(.text.main) refers to bsp_nuc220x_uart.o(.text.bsp_nuc220x_UART_init) for bsp_nuc220x_UART_init
    main.o(.text.main) refers to gpio.o(.text.GPIO_SetMode) for GPIO_SetMode
    main.o(.text.main) refers to bsp_nuc220x_uart.o(.text.bsp_nuc220x_UART_send_data) for bsp_nuc220x_UART_send_data
    main.o(.text.main) refers to bsp_nuc220x_bootloader.o(.text.BL_Enable_APROM_Update) for BL_Enable_APROM_Update
    main.o(.text.main) refers to bsp_nuc220x_bootloader.o(.text.BL_PreProcess) for BL_PreProcess
    main.o(.text.main) refers to bsp_nuc220x_bootloader.o(.text.BL_Process) for BL_Process
    main.o(.text.main) refers to main.o(.rodata.str1.1) for .L.str
    main.o(.ARM.exidx.text.main) refers to main.o(.text.main) for [Anonymous Symbol]
    entry.o(.ARM.Collect$$$$00000000) refers (Special) to entry10a.o(.ARM.Collect$$$$0000000D) for __rt_final_cpp
    entry.o(.ARM.Collect$$$$00000000) refers (Special) to entry11a.o(.ARM.Collect$$$$0000000F) for __rt_final_exit
    entry.o(.ARM.Collect$$$$00000000) refers (Special) to entry7b.o(.ARM.Collect$$$$00000008) for _main_clock
    entry.o(.ARM.Collect$$$$00000000) refers (Special) to entry8b.o(.ARM.Collect$$$$0000000A) for _main_cpp_init
    entry.o(.ARM.Collect$$$$00000000) refers (Special) to entry9a.o(.ARM.Collect$$$$0000000B) for _main_init
    entry.o(.ARM.Collect$$$$00000000) refers (Special) to entry5.o(.ARM.Collect$$$$00000004) for _main_scatterload
    entry.o(.ARM.Collect$$$$00000000) refers (Special) to entry2.o(.ARM.Collect$$$$00000001) for _main_stk
    idiv.o(.text) refers to uidiv.o(.text) for __aeabi_uidivmod
    printfa.o(i.__0fprintf) refers (Special) to iusefp.o(.text) for __I$use$fp
    printfa.o(i.__0fprintf) refers to printfa.o(i._printf_core) for _printf_core
    printfa.o(i.__0fprintf) refers to retarget.o(.text.fputc) for fputc
    printfa.o(i.__0printf) refers (Special) to iusefp.o(.text) for __I$use$fp
    printfa.o(i.__0printf) refers to printfa.o(i._printf_core) for _printf_core
    printfa.o(i.__0printf) refers to retarget.o(.text.fputc) for fputc
    printfa.o(i.__0printf) refers to retarget.o(.bss.__stdout) for __stdout
    printfa.o(i.__0snprintf) refers (Special) to iusefp.o(.text) for __I$use$fp
    printfa.o(i.__0snprintf) refers to printfa.o(i._printf_core) for _printf_core
    printfa.o(i.__0snprintf) refers to printfa.o(i._snputc) for _snputc
    printfa.o(i.__0sprintf) refers (Special) to iusefp.o(.text) for __I$use$fp
    printfa.o(i.__0sprintf) refers to printfa.o(i._printf_core) for _printf_core
    printfa.o(i.__0sprintf) refers to printfa.o(i._sputc) for _sputc
    printfa.o(i.__0vfprintf) refers (Special) to iusefp.o(.text) for __I$use$fp
    printfa.o(i.__0vfprintf) refers to printfa.o(i._printf_core) for _printf_core
    printfa.o(i.__0vfprintf) refers to retarget.o(.text.fputc) for fputc
    printfa.o(i.__0vprintf) refers (Special) to iusefp.o(.text) for __I$use$fp
    printfa.o(i.__0vprintf) refers to printfa.o(i._printf_core) for _printf_core
    printfa.o(i.__0vprintf) refers to retarget.o(.text.fputc) for fputc
    printfa.o(i.__0vprintf) refers to retarget.o(.bss.__stdout) for __stdout
    printfa.o(i.__0vsnprintf) refers (Special) to iusefp.o(.text) for __I$use$fp
    printfa.o(i.__0vsnprintf) refers to printfa.o(i._printf_core) for _printf_core
    printfa.o(i.__0vsnprintf) refers to printfa.o(i._snputc) for _snputc
    printfa.o(i.__0vsprintf) refers (Special) to iusefp.o(.text) for __I$use$fp
    printfa.o(i.__0vsprintf) refers to printfa.o(i._printf_core) for _printf_core
    printfa.o(i.__0vsprintf) refers to printfa.o(i._sputc) for _sputc
    printfa.o(i._fp_digits) refers (Special) to iusefp.o(.text) for __I$use$fp
    printfa.o(i._fp_digits) refers to dmul.o(.text) for __aeabi_dmul
    printfa.o(i._fp_digits) refers to ddiv.o(.text) for __aeabi_ddiv
    printfa.o(i._fp_digits) refers to cdrcmple.o(.text) for __aeabi_cdrcmple
    printfa.o(i._fp_digits) refers to dadd.o(.text) for __aeabi_dadd
    printfa.o(i._fp_digits) refers to dfixul.o(.text) for __aeabi_d2ulz
    printfa.o(i._fp_digits) refers to uldiv.o(.text) for __aeabi_uldivmod
    printfa.o(i._printf_core) refers (Special) to iusefp.o(.text) for __I$use$fp
    printfa.o(i._printf_core) refers to printfa.o(i._printf_pre_padding) for _printf_pre_padding
    printfa.o(i._printf_core) refers to uldiv.o(.text) for __aeabi_uldivmod
    printfa.o(i._printf_core) refers to printfa.o(i._printf_post_padding) for _printf_post_padding
    printfa.o(i._printf_core) refers to printfa.o(i._fp_digits) for _fp_digits
    printfa.o(i._printf_core) refers to uidiv.o(.text) for __aeabi_uidivmod
    printfa.o(i._printf_post_padding) refers (Special) to iusefp.o(.text) for __I$use$fp
    printfa.o(i._printf_pre_padding) refers (Special) to iusefp.o(.text) for __I$use$fp
    printfa.o(i._snputc) refers (Special) to iusefp.o(.text) for __I$use$fp
    printfa.o(i._sputc) refers (Special) to iusefp.o(.text) for __I$use$fp
    entry2.o(.ARM.Collect$$$$00000001) refers to entry2.o(.ARM.Collect$$$$00002712) for __lit__00000000
    entry2.o(.ARM.Collect$$$$00002712) refers to startup_nuc200series.o(STACK) for __initial_sp
    entry2.o(__vectab_stack_and_reset_area) refers to startup_nuc200series.o(STACK) for __initial_sp
    entry2.o(__vectab_stack_and_reset_area) refers to entry.o(.ARM.Collect$$$$00000000) for __main
    entry5.o(.ARM.Collect$$$$00000004) refers to init.o(.text) for __scatterload
    entry9a.o(.ARM.Collect$$$$0000000B) refers to main.o(.text.main) for main
    entry9b.o(.ARM.Collect$$$$0000000C) refers to main.o(.text.main) for main
    uldiv.o(.text) refers to llushr.o(.text) for __aeabi_llsr
    uldiv.o(.text) refers to llshl.o(.text) for __aeabi_llsl
    dadd.o(.text) refers (Special) to iusefp.o(.text) for __I$use$fp
    dadd.o(.text) refers to llshl.o(.text) for __aeabi_llsl
    dadd.o(.text) refers to llsshr.o(.text) for __aeabi_lasr
    dadd.o(.text) refers to depilogue.o(.text) for _double_epilogue
    dmul.o(.text) refers (Special) to iusefp.o(.text) for __I$use$fp
    dmul.o(.text) refers to depilogue.o(.text) for _double_epilogue
    ddiv.o(.text) refers (Special) to iusefp.o(.text) for __I$use$fp
    ddiv.o(.text) refers to depilogue.o(.text) for _double_round
    dfixul.o(.text) refers (Special) to iusefp.o(.text) for __I$use$fp
    dfixul.o(.text) refers to llushr.o(.text) for __aeabi_llsr
    dfixul.o(.text) refers to llshl.o(.text) for __aeabi_llsl
    cdrcmple.o(.text) refers (Special) to iusefp.o(.text) for __I$use$fp
    init.o(.text) refers to entry5.o(.ARM.Collect$$$$00000004) for __main_after_scatterload
    depilogue.o(.text) refers (Special) to iusefp.o(.text) for __I$use$fp
    depilogue.o(.text) refers to depilogue.o(i.__ARM_clz) for __ARM_clz
    depilogue.o(.text) refers to llshl.o(.text) for __aeabi_llsl
    depilogue.o(.text) refers to llushr.o(.text) for __aeabi_llsr
    depilogue.o(i.__ARM_clz) refers (Special) to iusefp.o(.text) for __I$use$fp


==============================================================================

Removing Unused input sections from the image.

    Removing bsp_nuc220x_uart.o(.text), (0 bytes).
    Removing bsp_nuc220x_uart.o(.ARM.exidx.text.bsp_nuc220x_UART_init), (8 bytes).
    Removing bsp_nuc220x_uart.o(.ARM.exidx.text.bsp_nuc220x_UART_send_data), (8 bytes).
    Removing bsp_nuc220x_uart.o(.ARM.exidx.text.bsp_nuc220x_UART_receive_data), (8 bytes).
    Removing bsp_nuc220x_uart.o(.text.bsp_nuc220x_UART_reset_data), (84 bytes).
    Removing bsp_nuc220x_uart.o(.ARM.exidx.text.bsp_nuc220x_UART_reset_data), (8 bytes).
    Removing bsp_nuc220x_uart.o(.bss.sp_host_rx), (64 bytes).
    Removing bsp_nuc220x_uart.o(.bss.sp_host_rx_cnt), (1 bytes).
    Removing bsp_nuc220x_uart.o(.bss.sp_host_rx_flag), (1 bytes).
    Removing bsp_nuc220x_system.o(.text), (0 bytes).
    Removing bsp_nuc220x_system.o(.ARM.exidx.text.SYS_Init), (8 bytes).
    Removing bsp_nuc220x_system.o(.ARM.exidx.text.bsp_nuc220x_TIMER0_init), (8 bytes).
    Removing bsp_nuc220x_system.o(.ARM.exidx.text.bsp_nu220x_systick_enable), (8 bytes).
    Removing bsp_nuc220x_system.o(.ARM.exidx.text.SB_Timer1_Init), (8 bytes).
    Removing bsp_nuc220x_system.o(.ARM.exidx.text.TIMER_EnableInt), (8 bytes).
    Removing bsp_nuc220x_system.o(.ARM.exidx.text.NVIC_SetPriority), (8 bytes).
    Removing bsp_nuc220x_system.o(.ARM.exidx.text.NVIC_EnableIRQ), (8 bytes).
    Removing bsp_nuc220x_system.o(.ARM.exidx.text.TIMER_Start), (8 bytes).
    Removing bsp_nuc220x_system.o(.ARM.exidx.text.TMR0_IRQHandler), (8 bytes).
    Removing bsp_nuc220x_system.o(.ARM.exidx.text.TIMER_GetIntFlag), (8 bytes).
    Removing bsp_nuc220x_system.o(.ARM.exidx.text.TIMER_ClearIntFlag), (8 bytes).
    Removing bsp_nuc220x_system.o(.text.bsp_systick_get), (12 bytes).
    Removing bsp_nuc220x_system.o(.ARM.exidx.text.bsp_systick_get), (8 bytes).
    Removing bsp_nuc220x_system.o(.text.bsp_delay_ms), (40 bytes).
    Removing bsp_nuc220x_system.o(.ARM.exidx.text.bsp_delay_ms), (8 bytes).
    Removing bsp_nuc220x_system.o(.ARM.exidx.text.TMR1_IRQHandler), (8 bytes).
    Removing bsp_nuc220x_system.o(.text.Timer1_SetTickMs), (24 bytes).
    Removing bsp_nuc220x_system.o(.ARM.exidx.text.Timer1_SetTickMs), (8 bytes).
    Removing bsp_nuc220x_system.o(.text.Timer1_GetTickMs), (12 bytes).
    Removing bsp_nuc220x_system.o(.ARM.exidx.text.Timer1_GetTickMs), (8 bytes).
    Removing bsp_nuc220x_system.o(.text.Timer1_ResetTickMs), (24 bytes).
    Removing bsp_nuc220x_system.o(.ARM.exidx.text.Timer1_ResetTickMs), (8 bytes).
    Removing bsp_nuc220x_system.o(.text.TIMER_Stop), (20 bytes).
    Removing bsp_nuc220x_system.o(.ARM.exidx.text.TIMER_Stop), (8 bytes).
    Removing bsp_nuc220x_system.o(.text.bsp_nu220x_WDT_enable), (70 bytes).
    Removing bsp_nuc220x_system.o(.ARM.exidx.text.bsp_nu220x_WDT_enable), (8 bytes).
    Removing bsp_nuc220x_system.o(.text.WDT_EnableInt), (16 bytes).
    Removing bsp_nuc220x_system.o(.ARM.exidx.text.WDT_EnableInt), (8 bytes).
    Removing bsp_nuc220x_system.o(.ARM.exidx.text.WDT_IRQHandler), (8 bytes).
    Removing bsp_nuc220x_system.o(.text.bsp_nu220x_WDT_clear), (20 bytes).
    Removing bsp_nuc220x_system.o(.ARM.exidx.text.bsp_nu220x_WDT_clear), (8 bytes).
    Removing bsp_nuc220x_system.o(.text.bsp_nu220x_WDT_reset), (8 bytes).
    Removing bsp_nuc220x_system.o(.ARM.exidx.text.bsp_nu220x_WDT_reset), (8 bytes).
    Removing bsp_nuc220x_system.o(.ARM.exidx.text.bsp_nu220x_systems_init), (8 bytes).
    Removing bsp_nuc220x_system.o(.ARM.exidx.text.SYS_UnlockReg), (8 bytes).
    Removing bsp_nuc220x_system.o(.text.bsp_nu220x_read_UID), (92 bytes).
    Removing bsp_nuc220x_system.o(.ARM.exidx.text.bsp_nu220x_read_UID), (8 bytes).
    Removing bsp_nuc220x_system.o(.text.FMC_ReadUID), (72 bytes).
    Removing bsp_nuc220x_system.o(.ARM.exidx.text.FMC_ReadUID), (8 bytes).
    Removing bsp_nuc220x_system.o(.bss.u8data_UID), (3 bytes).
    Removing bsp_nuc220x_rtc.o(.text), (0 bytes).
    Removing bsp_nuc220x_rtc.o(.ARM.exidx.text.RTC_IRQHandler), (8 bytes).
    Removing bsp_nuc220x_rtc.o(.text.bsp_nuc220x_RTC_init), (128 bytes).
    Removing bsp_nuc220x_rtc.o(.ARM.exidx.text.bsp_nuc220x_RTC_init), (8 bytes).
    Removing bsp_nuc220x_rtc.o(.text.bsp_nuc220x_RTC_test), (52 bytes).
    Removing bsp_nuc220x_rtc.o(.ARM.exidx.text.bsp_nuc220x_RTC_test), (8 bytes).
    Removing bsp_nuc220x_rtc.o(.rodata.str1.1), (137 bytes).
    Removing bsp_nuc220x_rtc.o(.bss.sWriteRTC), (36 bytes).
    Removing bsp_nuc220x_rtc.o(.bss.u32Sec), (4 bytes).
    Removing bsp_nuc220x_rtc.o(.bss.g_u32RTCTickINT), (4 bytes).
    Removing bsp_nuc220x_rtc.o(.bss.sReadRTC), (36 bytes).
    Removing bsp_nuc220x_bootloader.o(.text), (0 bytes).
    Removing bsp_nuc220x_bootloader.o(.ARM.exidx.text.BL_Process), (8 bytes).
    Removing bsp_nuc220x_bootloader.o(.ARM.exidx.text.BL_Cmd_Mem_Write_Handle), (8 bytes).
    Removing bsp_nuc220x_bootloader.o(.ARM.exidx.text.BL_CalCheckSum), (8 bytes).
    Removing bsp_nuc220x_bootloader.o(.ARM.exidx.text.BL_Mem_Write), (8 bytes).
    Removing bsp_nuc220x_bootloader.o(.ARM.exidx.text.FMC_Erase), (8 bytes).
    Removing bsp_nuc220x_bootloader.o(.ARM.exidx.text.FMC_Write), (8 bytes).
    Removing bsp_nuc220x_bootloader.o(.ARM.exidx.text.BL_Cmd_Update_Firmware_Handle), (8 bytes).
    Removing bsp_nuc220x_bootloader.o(.ARM.exidx.text.FMC_Read), (8 bytes).
    Removing bsp_nuc220x_bootloader.o(.ARM.exidx.text.FMC_SetVectorPageAddr), (8 bytes).
    Removing bsp_nuc220x_bootloader.o(.ARM.exidx.text.BL_Enable_APROM_Update), (8 bytes).
    Removing bsp_nuc220x_bootloader.o(.ARM.exidx.text.BL_PreProcess), (8 bytes).
    Removing system_nuc200series.o(.text), (0 bytes).
    Removing system_nuc200series.o(.ARM.exidx.text.SystemCoreClockUpdate), (8 bytes).
    Removing system_nuc200series.o(.ARM.exidx.text.CLK_GetPLLClockFreq), (8 bytes).
    Removing system_nuc200series.o(.ARM.exidx.text.SystemInit), (8 bytes).
    Removing system_nuc200series.o(.rodata.cst4), (4 bytes).
    Removing startup_nuc200series.o(HEAP), (0 bytes).
    Removing acmp.o(.text), (0 bytes).
    Removing acmp.o(.text.ACMP_Open), (46 bytes).
    Removing acmp.o(.ARM.exidx.text.ACMP_Open), (8 bytes).
    Removing acmp.o(.text.ACMP_Close), (24 bytes).
    Removing acmp.o(.ARM.exidx.text.ACMP_Close), (8 bytes).
    Removing clk.o(.text), (0 bytes).
    Removing clk.o(.text.CLK_DisableCKO), (16 bytes).
    Removing clk.o(.ARM.exidx.text.CLK_DisableCKO), (8 bytes).
    Removing clk.o(.text.CLK_DisableModuleClock), (64 bytes).
    Removing clk.o(.ARM.exidx.text.CLK_DisableModuleClock), (8 bytes).
    Removing clk.o(.text.CLK_EnableCKO), (52 bytes).
    Removing clk.o(.ARM.exidx.text.CLK_EnableCKO), (8 bytes).
    Removing clk.o(.ARM.exidx.text.CLK_EnableModuleClock), (8 bytes).
    Removing clk.o(.ARM.exidx.text.CLK_SetModuleClock), (8 bytes).
    Removing clk.o(.text.CLK_PowerDown), (36 bytes).
    Removing clk.o(.ARM.exidx.text.CLK_PowerDown), (8 bytes).
    Removing clk.o(.text.CLK_Idle), (32 bytes).
    Removing clk.o(.ARM.exidx.text.CLK_Idle), (8 bytes).
    Removing clk.o(.text.CLK_GetHXTFreq), (40 bytes).
    Removing clk.o(.ARM.exidx.text.CLK_GetHXTFreq), (8 bytes).
    Removing clk.o(.text.CLK_GetLXTFreq), (40 bytes).
    Removing clk.o(.ARM.exidx.text.CLK_GetLXTFreq), (8 bytes).
    Removing clk.o(.text.CLK_GetHCLKFreq), (16 bytes).
    Removing clk.o(.ARM.exidx.text.CLK_GetHCLKFreq), (8 bytes).
    Removing clk.o(.text.CLK_GetPCLKFreq), (16 bytes).
    Removing clk.o(.ARM.exidx.text.CLK_GetPCLKFreq), (8 bytes).
    Removing clk.o(.text.CLK_GetCPUFreq), (16 bytes).
    Removing clk.o(.ARM.exidx.text.CLK_GetCPUFreq), (8 bytes).
    Removing clk.o(.ARM.exidx.text.CLK_SetCoreClock), (8 bytes).
    Removing clk.o(.ARM.exidx.text.CLK_EnablePLL), (8 bytes).
    Removing clk.o(.ARM.exidx.text.CLK_SetHCLK), (8 bytes).
    Removing clk.o(.text.CLK_SetSysTickClockSrc), (28 bytes).
    Removing clk.o(.ARM.exidx.text.CLK_SetSysTickClockSrc), (8 bytes).
    Removing clk.o(.ARM.exidx.text.CLK_EnableXtalRC), (8 bytes).
    Removing clk.o(.text.CLK_DisableXtalRC), (24 bytes).
    Removing clk.o(.ARM.exidx.text.CLK_DisableXtalRC), (8 bytes).
    Removing clk.o(.ARM.exidx.text.CLK_WaitClockReady), (8 bytes).
    Removing clk.o(.ARM.exidx.text.CLK_GetPLLClockFreq), (8 bytes).
    Removing clk.o(.text.CLK_DisablePLL), (20 bytes).
    Removing clk.o(.ARM.exidx.text.CLK_DisablePLL), (8 bytes).
    Removing clk.o(.text.CLK_EnableSysTick), (92 bytes).
    Removing clk.o(.ARM.exidx.text.CLK_EnableSysTick), (8 bytes).
    Removing clk.o(.text.CLK_DisableSysTick), (12 bytes).
    Removing clk.o(.ARM.exidx.text.CLK_DisableSysTick), (8 bytes).
    Removing clk.o(.rodata.cst4), (4 bytes).
    Removing fmc.o(.text), (0 bytes).
    Removing fmc.o(.text.FMC_SetBootSource), (44 bytes).
    Removing fmc.o(.ARM.exidx.text.FMC_SetBootSource), (8 bytes).
    Removing fmc.o(.text.FMC_Close), (16 bytes).
    Removing fmc.o(.ARM.exidx.text.FMC_Close), (8 bytes).
    Removing fmc.o(.text.FMC_DisableAPUpdate), (16 bytes).
    Removing fmc.o(.ARM.exidx.text.FMC_DisableAPUpdate), (8 bytes).
    Removing fmc.o(.text.FMC_DisableConfigUpdate), (16 bytes).
    Removing fmc.o(.ARM.exidx.text.FMC_DisableConfigUpdate), (8 bytes).
    Removing fmc.o(.text.FMC_DisableLDUpdate), (16 bytes).
    Removing fmc.o(.ARM.exidx.text.FMC_DisableLDUpdate), (8 bytes).
    Removing fmc.o(.text.FMC_EnableAPUpdate), (16 bytes).
    Removing fmc.o(.ARM.exidx.text.FMC_EnableAPUpdate), (8 bytes).
    Removing fmc.o(.text.FMC_EnableConfigUpdate), (16 bytes).
    Removing fmc.o(.ARM.exidx.text.FMC_EnableConfigUpdate), (8 bytes).
    Removing fmc.o(.text.FMC_EnableLDUpdate), (16 bytes).
    Removing fmc.o(.ARM.exidx.text.FMC_EnableLDUpdate), (8 bytes).
    Removing fmc.o(.text.FMC_GetBootSource), (36 bytes).
    Removing fmc.o(.ARM.exidx.text.FMC_GetBootSource), (8 bytes).
    Removing fmc.o(.ARM.exidx.text.FMC_Open), (8 bytes).
    Removing fmc.o(.text.FMC_ReadDataFlashBaseAddr), (12 bytes).
    Removing fmc.o(.ARM.exidx.text.FMC_ReadDataFlashBaseAddr), (8 bytes).
    Removing fmc.o(.text.FMC_ReadConfig), (62 bytes).
    Removing fmc.o(.ARM.exidx.text.FMC_ReadConfig), (8 bytes).
    Removing fmc.o(.text.FMC_Read), (64 bytes).
    Removing fmc.o(.ARM.exidx.text.FMC_Read), (8 bytes).
    Removing fmc.o(.text.FMC_WriteConfig), (108 bytes).
    Removing fmc.o(.ARM.exidx.text.FMC_WriteConfig), (8 bytes).
    Removing fmc.o(.text.FMC_Write), (68 bytes).
    Removing fmc.o(.ARM.exidx.text.FMC_Write), (8 bytes).
    Removing gpio.o(.text), (0 bytes).
    Removing gpio.o(.ARM.exidx.text.GPIO_SetMode), (8 bytes).
    Removing gpio.o(.text.GPIO_EnableInt), (48 bytes).
    Removing gpio.o(.ARM.exidx.text.GPIO_EnableInt), (8 bytes).
    Removing gpio.o(.text.GPIO_DisableInt), (44 bytes).
    Removing gpio.o(.ARM.exidx.text.GPIO_DisableInt), (8 bytes).
    Removing retarget.o(.text), (0 bytes).
    Removing retarget.o(.ARM.exidx.text.Hard_Fault_Handler), (8 bytes).
    Removing retarget.o(.ARM.exidx.text.stackDump), (8 bytes).
    Removing retarget.o(.ARM.exidx.text.HardFault_Handler), (8 bytes).
    Removing retarget.o(.ARM.exidx.text.SendChar_ToUART), (8 bytes).
    Removing retarget.o(.ARM.exidx.text.SendChar), (8 bytes).
    Removing retarget.o(.text.GetChar), (32 bytes).
    Removing retarget.o(.ARM.exidx.text.GetChar), (8 bytes).
    Removing retarget.o(.text.kbhit), (20 bytes).
    Removing retarget.o(.ARM.exidx.text.kbhit), (8 bytes).
    Removing retarget.o(.text.IsDebugFifoEmpty), (20 bytes).
    Removing retarget.o(.ARM.exidx.text.IsDebugFifoEmpty), (8 bytes).
    Removing retarget.o(.text._ttywrch), (16 bytes).
    Removing retarget.o(.ARM.exidx.text._ttywrch), (8 bytes).
    Removing retarget.o(.ARM.exidx.text.fputc), (8 bytes).
    Removing retarget.o(.text._write), (104 bytes).
    Removing retarget.o(.ARM.exidx.text._write), (8 bytes).
    Removing retarget.o(.text._read), (48 bytes).
    Removing retarget.o(.ARM.exidx.text._read), (8 bytes).
    Removing retarget.o(.bss.__stdin), (4 bytes).
    Removing rtc.o(.text), (0 bytes).
    Removing rtc.o(.text.RTC_Open), (92 bytes).
    Removing rtc.o(.ARM.exidx.text.RTC_Open), (8 bytes).
    Removing rtc.o(.text.RTC_SetDateAndTime), (364 bytes).
    Removing rtc.o(.ARM.exidx.text.RTC_SetDateAndTime), (8 bytes).
    Removing rtc.o(.text.RTC_Close), (16 bytes).
    Removing rtc.o(.ARM.exidx.text.RTC_Close), (8 bytes).
    Removing rtc.o(.text.RTC_32KCalibration), (132 bytes).
    Removing rtc.o(.ARM.exidx.text.RTC_32KCalibration), (8 bytes).
    Removing rtc.o(.text.RTC_WaitAccessEnable), (48 bytes).
    Removing rtc.o(.ARM.exidx.text.RTC_WaitAccessEnable), (8 bytes).
    Removing rtc.o(.text.RTC_GetDateAndTime), (540 bytes).
    Removing rtc.o(.ARM.exidx.text.RTC_GetDateAndTime), (8 bytes).
    Removing rtc.o(.text.RTC_GetAlarmDateAndTime), (572 bytes).
    Removing rtc.o(.ARM.exidx.text.RTC_GetAlarmDateAndTime), (8 bytes).
    Removing rtc.o(.text.RTC_SetAlarmDateAndTime), (364 bytes).
    Removing rtc.o(.ARM.exidx.text.RTC_SetAlarmDateAndTime), (8 bytes).
    Removing rtc.o(.text.RTC_SetDate), (164 bytes).
    Removing rtc.o(.ARM.exidx.text.RTC_SetDate), (8 bytes).
    Removing rtc.o(.text.RTC_SetTime), (196 bytes).
    Removing rtc.o(.ARM.exidx.text.RTC_SetTime), (8 bytes).
    Removing rtc.o(.text.RTC_SetAlarmDate), (148 bytes).
    Removing rtc.o(.ARM.exidx.text.RTC_SetAlarmDate), (8 bytes).
    Removing rtc.o(.text.RTC_SetAlarmTime), (196 bytes).
    Removing rtc.o(.ARM.exidx.text.RTC_SetAlarmTime), (8 bytes).
    Removing rtc.o(.text.RTC_GetDayOfWeek), (16 bytes).
    Removing rtc.o(.ARM.exidx.text.RTC_GetDayOfWeek), (8 bytes).
    Removing rtc.o(.text.RTC_SetTickPeriod), (32 bytes).
    Removing rtc.o(.ARM.exidx.text.RTC_SetTickPeriod), (8 bytes).
    Removing rtc.o(.text.RTC_EnableInt), (24 bytes).
    Removing rtc.o(.ARM.exidx.text.RTC_EnableInt), (8 bytes).
    Removing rtc.o(.text.RTC_DisableInt), (112 bytes).
    Removing rtc.o(.ARM.exidx.text.RTC_DisableInt), (8 bytes).
    Removing rtc.o(.text.RTC_EnableSpareRegister), (40 bytes).
    Removing rtc.o(.ARM.exidx.text.RTC_EnableSpareRegister), (8 bytes).
    Removing rtc.o(.text.RTC_DisableSpareRegister), (24 bytes).
    Removing rtc.o(.ARM.exidx.text.RTC_DisableSpareRegister), (8 bytes).
    Removing rtc.o(.text.RTC_EnableSnooperDetection), (36 bytes).
    Removing rtc.o(.ARM.exidx.text.RTC_EnableSnooperDetection), (8 bytes).
    Removing rtc.o(.text.RTC_DisableSnooperDetection), (24 bytes).
    Removing rtc.o(.ARM.exidx.text.RTC_DisableSnooperDetection), (8 bytes).
    Removing rtc.o(.bss.g_u32hiYear), (4 bytes).
    Removing rtc.o(.bss.g_u32loYear), (4 bytes).
    Removing rtc.o(.bss.g_u32hiMonth), (4 bytes).
    Removing rtc.o(.bss.g_u32loMonth), (4 bytes).
    Removing rtc.o(.bss.g_u32hiDay), (4 bytes).
    Removing rtc.o(.bss.g_u32loDay), (4 bytes).
    Removing rtc.o(.bss.g_u32hiHour), (4 bytes).
    Removing rtc.o(.bss.g_u32loHour), (4 bytes).
    Removing rtc.o(.bss.g_u32hiMin), (4 bytes).
    Removing rtc.o(.bss.g_u32loMin), (4 bytes).
    Removing rtc.o(.bss.g_u32hiSec), (4 bytes).
    Removing rtc.o(.bss.g_u32loSec), (4 bytes).
    Removing sys.o(.text), (0 bytes).
    Removing sys.o(.text.SYS_ClearResetSrc), (24 bytes).
    Removing sys.o(.ARM.exidx.text.SYS_ClearResetSrc), (8 bytes).
    Removing sys.o(.text.SYS_GetBODStatus), (16 bytes).
    Removing sys.o(.ARM.exidx.text.SYS_GetBODStatus), (8 bytes).
    Removing sys.o(.text.SYS_GetResetSrc), (12 bytes).
    Removing sys.o(.ARM.exidx.text.SYS_GetResetSrc), (8 bytes).
    Removing sys.o(.text.SYS_IsRegLocked), (20 bytes).
    Removing sys.o(.ARM.exidx.text.SYS_IsRegLocked), (8 bytes).
    Removing sys.o(.text.SYS_ReadPDID), (8 bytes).
    Removing sys.o(.ARM.exidx.text.SYS_ReadPDID), (8 bytes).
    Removing sys.o(.text.SYS_ResetChip), (16 bytes).
    Removing sys.o(.ARM.exidx.text.SYS_ResetChip), (8 bytes).
    Removing sys.o(.text.SYS_ResetCPU), (16 bytes).
    Removing sys.o(.ARM.exidx.text.SYS_ResetCPU), (8 bytes).
    Removing sys.o(.ARM.exidx.text.SYS_ResetModule), (8 bytes).
    Removing sys.o(.text.SYS_EnableBOD), (48 bytes).
    Removing sys.o(.ARM.exidx.text.SYS_EnableBOD), (8 bytes).
    Removing sys.o(.text.SYS_DisableBOD), (16 bytes).
    Removing sys.o(.ARM.exidx.text.SYS_DisableBOD), (8 bytes).
    Removing timer.o(.text), (0 bytes).
    Removing timer.o(.ARM.exidx.text.TIMER_Open), (8 bytes).
    Removing timer.o(.ARM.exidx.text.TIMER_GetModuleClock), (8 bytes).
    Removing timer.o(.text.TIMER_Close), (18 bytes).
    Removing timer.o(.ARM.exidx.text.TIMER_Close), (8 bytes).
    Removing timer.o(.text.TIMER_Delay), (304 bytes).
    Removing timer.o(.ARM.exidx.text.TIMER_Delay), (8 bytes).
    Removing timer.o(.text.TIMER_EnableCapture), (36 bytes).
    Removing timer.o(.ARM.exidx.text.TIMER_EnableCapture), (8 bytes).
    Removing timer.o(.text.TIMER_DisableCapture), (18 bytes).
    Removing timer.o(.ARM.exidx.text.TIMER_DisableCapture), (8 bytes).
    Removing timer.o(.text.TIMER_EnableEventCounter), (36 bytes).
    Removing timer.o(.ARM.exidx.text.TIMER_EnableEventCounter), (8 bytes).
    Removing timer.o(.text.TIMER_DisableEventCounter), (20 bytes).
    Removing timer.o(.ARM.exidx.text.TIMER_DisableEventCounter), (8 bytes).
    Removing uart.o(.text), (0 bytes).
    Removing uart.o(.text.UART_ClearIntFlag), (116 bytes).
    Removing uart.o(.ARM.exidx.text.UART_ClearIntFlag), (8 bytes).
    Removing uart.o(.text.UART_Close), (14 bytes).
    Removing uart.o(.ARM.exidx.text.UART_Close), (8 bytes).
    Removing uart.o(.text.UART_DisableFlowCtrl), (20 bytes).
    Removing uart.o(.ARM.exidx.text.UART_DisableFlowCtrl), (8 bytes).
    Removing uart.o(.text.UART_DisableInt), (76 bytes).
    Removing uart.o(.ARM.exidx.text.UART_DisableInt), (8 bytes).
    Removing uart.o(.text.NVIC_DisableIRQ), (32 bytes).
    Removing uart.o(.ARM.exidx.text.NVIC_DisableIRQ), (8 bytes).
    Removing uart.o(.text.UART_EnableFlowCtrl), (42 bytes).
    Removing uart.o(.ARM.exidx.text.UART_EnableFlowCtrl), (8 bytes).
    Removing uart.o(.text.UART_EnableInt), (76 bytes).
    Removing uart.o(.ARM.exidx.text.UART_EnableInt), (8 bytes).
    Removing uart.o(.text.NVIC_EnableIRQ), (32 bytes).
    Removing uart.o(.ARM.exidx.text.NVIC_EnableIRQ), (8 bytes).
    Removing uart.o(.ARM.exidx.text.UART_Open), (8 bytes).
    Removing uart.o(.ARM.exidx.text.CLK_GetPLLClockFreq), (8 bytes).
    Removing uart.o(.text.UART_Read), (98 bytes).
    Removing uart.o(.ARM.exidx.text.UART_Read), (8 bytes).
    Removing uart.o(.text.UART_SetLine_Config), (232 bytes).
    Removing uart.o(.ARM.exidx.text.UART_SetLine_Config), (8 bytes).
    Removing uart.o(.text.UART_SetTimeoutCnt), (38 bytes).
    Removing uart.o(.ARM.exidx.text.UART_SetTimeoutCnt), (8 bytes).
    Removing uart.o(.text.UART_SelectIrDAMode), (228 bytes).
    Removing uart.o(.ARM.exidx.text.UART_SelectIrDAMode), (8 bytes).
    Removing uart.o(.text.UART_SelectRS485Mode), (48 bytes).
    Removing uart.o(.ARM.exidx.text.UART_SelectRS485Mode), (8 bytes).
    Removing uart.o(.text.UART_SelectLINMode), (42 bytes).
    Removing uart.o(.ARM.exidx.text.UART_SelectLINMode), (8 bytes).
    Removing uart.o(.text.UART_Write), (98 bytes).
    Removing uart.o(.ARM.exidx.text.UART_Write), (8 bytes).
    Removing uart.o(.rodata.cst4), (4 bytes).
    Removing wdt.o(.text), (0 bytes).
    Removing wdt.o(.text.WDT_Open), (52 bytes).
    Removing wdt.o(.ARM.exidx.text.WDT_Open), (8 bytes).
    Removing main.o(.text), (0 bytes).
    Removing main.o(.ARM.exidx.text.main), (8 bytes).

307 unused section(s) (total 8708 bytes) removed from the image.

==============================================================================

Image Symbol Table

    Local Symbols

    Symbol Name                              Value     Ov Type        Size  Object(Section)

    ../clib/microlib/division.c              0x00000000   Number         0  uidiv.o ABSOLUTE
    ../clib/microlib/division.c              0x00000000   Number         0  idiv.o ABSOLUTE
    ../clib/microlib/division.c              0x00000000   Number         0  uldiv.o ABSOLUTE
    ../clib/microlib/init/entry.s            0x00000000   Number         0  entry.o ABSOLUTE
    ../clib/microlib/init/entry.s            0x00000000   Number         0  entry2.o ABSOLUTE
    ../clib/microlib/init/entry.s            0x00000000   Number         0  entry5.o ABSOLUTE
    ../clib/microlib/init/entry.s            0x00000000   Number         0  entry7a.o ABSOLUTE
    ../clib/microlib/init/entry.s            0x00000000   Number         0  entry7b.o ABSOLUTE
    ../clib/microlib/init/entry.s            0x00000000   Number         0  entry8a.o ABSOLUTE
    ../clib/microlib/init/entry.s            0x00000000   Number         0  entry8b.o ABSOLUTE
    ../clib/microlib/init/entry.s            0x00000000   Number         0  entry9a.o ABSOLUTE
    ../clib/microlib/init/entry.s            0x00000000   Number         0  entry9b.o ABSOLUTE
    ../clib/microlib/init/entry.s            0x00000000   Number         0  entry10a.o ABSOLUTE
    ../clib/microlib/init/entry.s            0x00000000   Number         0  entry10b.o ABSOLUTE
    ../clib/microlib/init/entry.s            0x00000000   Number         0  entry11a.o ABSOLUTE
    ../clib/microlib/init/entry.s            0x00000000   Number         0  entry11b.o ABSOLUTE
    ../clib/microlib/longlong.c              0x00000000   Number         0  llshl.o ABSOLUTE
    ../clib/microlib/longlong.c              0x00000000   Number         0  llushr.o ABSOLUTE
    ../clib/microlib/longlong.c              0x00000000   Number         0  llsshr.o ABSOLUTE
    ../clib/microlib/printf/printf.c         0x00000000   Number         0  printfa.o ABSOLUTE
    ../clib/microlib/stubs.s                 0x00000000   Number         0  iusefp.o ABSOLUTE
    ../cpu_src/Library/Device/Nuvoton/NUC200Series/Source/ARM/startup_NUC200Series.s 0x00000000   Number         0  startup_nuc200series.o ABSOLUTE
    ../fplib/microlib/fpadd.c                0x00000000   Number         0  dadd.o ABSOLUTE
    ../fplib/microlib/fpdiv.c                0x00000000   Number         0  ddiv.o ABSOLUTE
    ../fplib/microlib/fpepilogue.c           0x00000000   Number         0  depilogue.o ABSOLUTE
    ../fplib/microlib/fpfix.c                0x00000000   Number         0  dfixul.o ABSOLUTE
    ../fplib/microlib/fpmul.c                0x00000000   Number         0  dmul.o ABSOLUTE
    acmp.c                                   0x00000000   Number         0  acmp.o ABSOLUTE
    bsp_nuc220x_BootLoader.c                 0x00000000   Number         0  bsp_nuc220x_bootloader.o ABSOLUTE
    bsp_nuc220x_RTC.c                        0x00000000   Number         0  bsp_nuc220x_rtc.o ABSOLUTE
    bsp_nuc220x_UART.c                       0x00000000   Number         0  bsp_nuc220x_uart.o ABSOLUTE
    bsp_nuc220x_system.c                     0x00000000   Number         0  bsp_nuc220x_system.o ABSOLUTE
    cdrcmple.s                               0x00000000   Number         0  cdrcmple.o ABSOLUTE
    clk.c                                    0x00000000   Number         0  clk.o ABSOLUTE
    dc.s                                     0x00000000   Number         0  dc.o ABSOLUTE
    fmc.c                                    0x00000000   Number         0  fmc.o ABSOLUTE
    gpio.c                                   0x00000000   Number         0  gpio.o ABSOLUTE
    handlers.s                               0x00000000   Number         0  handlers.o ABSOLUTE
    init.s                                   0x00000000   Number         0  init.o ABSOLUTE
    main.c                                   0x00000000   Number         0  main.o ABSOLUTE
    retarget.c                               0x00000000   Number         0  retarget.o ABSOLUTE
    rtc.c                                    0x00000000   Number         0  rtc.o ABSOLUTE
    sys.c                                    0x00000000   Number         0  sys.o ABSOLUTE
    system_NUC200Series.c                    0x00000000   Number         0  system_nuc200series.o ABSOLUTE
    timer.c                                  0x00000000   Number         0  timer.o ABSOLUTE
    uart.c                                   0x00000000   Number         0  uart.o ABSOLUTE
    wdt.c                                    0x00000000   Number         0  wdt.o ABSOLUTE
    RESET                                    0x0000c000   Section      192  startup_nuc200series.o(RESET)
    .ARM.Collect$$$$00000000                 0x0000c0c0   Section        0  entry.o(.ARM.Collect$$$$00000000)
    .ARM.Collect$$$$00000001                 0x0000c0c0   Section        4  entry2.o(.ARM.Collect$$$$00000001)
    .ARM.Collect$$$$00000004                 0x0000c0c4   Section        4  entry5.o(.ARM.Collect$$$$00000004)
    .ARM.Collect$$$$00000008                 0x0000c0c8   Section        0  entry7b.o(.ARM.Collect$$$$00000008)
    .ARM.Collect$$$$0000000A                 0x0000c0c8   Section        0  entry8b.o(.ARM.Collect$$$$0000000A)
    .ARM.Collect$$$$0000000B                 0x0000c0c8   Section        8  entry9a.o(.ARM.Collect$$$$0000000B)
    __lit__00000000                          0x0000c0d0   Data           4  entry2.o(.ARM.Collect$$$$00002712)
    .ARM.Collect$$$$0000000D                 0x0000c0d0   Section        0  entry10a.o(.ARM.Collect$$$$0000000D)
    .ARM.Collect$$$$0000000F                 0x0000c0d0   Section        0  entry11a.o(.ARM.Collect$$$$0000000F)
    .ARM.Collect$$$$00002712                 0x0000c0d0   Section        4  entry2.o(.ARM.Collect$$$$00002712)
    .text                                    0x0000c0d4   Section       76  startup_nuc200series.o(.text)
    Default_Handler                          0x0000c0ff   Thumb Code     2  startup_nuc200series.o(.text)
    .text                                    0x0000c120   Section        0  uidiv.o(.text)
    .text                                    0x0000c14c   Section        0  uldiv.o(.text)
    .text                                    0x0000c1ac   Section        0  iusefp.o(.text)
    .text                                    0x0000c1ac   Section        0  dadd.o(.text)
    .text                                    0x0000c310   Section        0  dmul.o(.text)
    .text                                    0x0000c3e0   Section        0  ddiv.o(.text)
    .text                                    0x0000c4d0   Section        0  dfixul.o(.text)
    .text                                    0x0000c510   Section       40  cdrcmple.o(.text)
    .text                                    0x0000c538   Section       36  init.o(.text)
    .text                                    0x0000c55c   Section        0  llshl.o(.text)
    .text                                    0x0000c57c   Section        0  llushr.o(.text)
    .text                                    0x0000c59e   Section        0  llsshr.o(.text)
    .text                                    0x0000c5c4   Section        0  depilogue.o(.text)
    [Anonymous Symbol]                       0x0000c682   Section        0  bsp_nuc220x_bootloader.o(.text.BL_CalCheckSum)
    [Anonymous Symbol]                       0x0000c6c4   Section        0  bsp_nuc220x_bootloader.o(.text.BL_Cmd_Mem_Write_Handle)
    [Anonymous Symbol]                       0x0000c73c   Section        0  bsp_nuc220x_bootloader.o(.text.BL_Cmd_Update_Firmware_Handle)
    __arm_cp.6_3                             0x0000c818   Number         4  bsp_nuc220x_bootloader.o(.text.BL_Cmd_Update_Firmware_Handle)
    __arm_cp.6_4                             0x0000c81c   Number         4  bsp_nuc220x_bootloader.o(.text.BL_Cmd_Update_Firmware_Handle)
    [Anonymous Symbol]                       0x0000c820   Section        0  bsp_nuc220x_bootloader.o(.text.BL_Enable_APROM_Update)
    __arm_cp.9_0                             0x0000c834   Number         4  bsp_nuc220x_bootloader.o(.text.BL_Enable_APROM_Update)
    [Anonymous Symbol]                       0x0000c838   Section        0  bsp_nuc220x_bootloader.o(.text.BL_Mem_Write)
    __arm_cp.3_0                             0x0000c8c4   Number         4  bsp_nuc220x_bootloader.o(.text.BL_Mem_Write)
    [Anonymous Symbol]                       0x0000c8c8   Section        0  bsp_nuc220x_bootloader.o(.text.BL_PreProcess)
    __arm_cp.10_0                            0x0000cae0   Number         4  bsp_nuc220x_bootloader.o(.text.BL_PreProcess)
    __arm_cp.10_1                            0x0000cae4   Number         4  bsp_nuc220x_bootloader.o(.text.BL_PreProcess)
    __arm_cp.10_2                            0x0000cae8   Number         4  bsp_nuc220x_bootloader.o(.text.BL_PreProcess)
    __arm_cp.10_3                            0x0000caec   Number         4  bsp_nuc220x_bootloader.o(.text.BL_PreProcess)
    __arm_cp.10_4                            0x0000caf0   Number         4  bsp_nuc220x_bootloader.o(.text.BL_PreProcess)
    __arm_cp.10_5                            0x0000caf4   Number         4  bsp_nuc220x_bootloader.o(.text.BL_PreProcess)
    __arm_cp.10_6                            0x0000caf8   Number         4  bsp_nuc220x_bootloader.o(.text.BL_PreProcess)
    __arm_cp.10_7                            0x0000cafc   Number         4  bsp_nuc220x_bootloader.o(.text.BL_PreProcess)
    __arm_cp.10_9                            0x0000cb00   Number         4  bsp_nuc220x_bootloader.o(.text.BL_PreProcess)
    __arm_cp.10_10                           0x0000cb04   Number         4  bsp_nuc220x_bootloader.o(.text.BL_PreProcess)
    __arm_cp.10_11                           0x0000cb08   Number         4  bsp_nuc220x_bootloader.o(.text.BL_PreProcess)
    __arm_cp.10_12                           0x0000cb0c   Number         4  bsp_nuc220x_bootloader.o(.text.BL_PreProcess)
    __arm_cp.10_13                           0x0000cb10   Number         4  bsp_nuc220x_bootloader.o(.text.BL_PreProcess)
    __arm_cp.10_14                           0x0000cb14   Number         4  bsp_nuc220x_bootloader.o(.text.BL_PreProcess)
    [Anonymous Symbol]                       0x0000cb18   Section        0  bsp_nuc220x_bootloader.o(.text.BL_Process)
    __arm_cp.0_0                             0x0000cbb4   Number         4  bsp_nuc220x_bootloader.o(.text.BL_Process)
    __arm_cp.0_1                             0x0000cbb8   Number         4  bsp_nuc220x_bootloader.o(.text.BL_Process)
    __arm_cp.0_2                             0x0000cbbc   Number         4  bsp_nuc220x_bootloader.o(.text.BL_Process)
    __arm_cp.0_3                             0x0000cbc0   Number         4  bsp_nuc220x_bootloader.o(.text.BL_Process)
    __arm_cp.0_4                             0x0000cbc4   Number         4  bsp_nuc220x_bootloader.o(.text.BL_Process)
    [Anonymous Symbol]                       0x0000cbc8   Section        0  clk.o(.text.CLK_EnableModuleClock)
    __arm_cp.3_0                             0x0000cc00   Number         4  clk.o(.text.CLK_EnableModuleClock)
    __arm_cp.3_1                             0x0000cc04   Number         4  clk.o(.text.CLK_EnableModuleClock)
    [Anonymous Symbol]                       0x0000cc08   Section        0  clk.o(.text.CLK_EnablePLL)
    __arm_cp.13_4                            0x0000cde8   Number         4  clk.o(.text.CLK_EnablePLL)
    __arm_cp.13_5                            0x0000cdec   Number         4  clk.o(.text.CLK_EnablePLL)
    __arm_cp.13_6                            0x0000cdf0   Number         4  clk.o(.text.CLK_EnablePLL)
    __arm_cp.13_7                            0x0000cdf4   Number         4  clk.o(.text.CLK_EnablePLL)
    __arm_cp.13_8                            0x0000cdf8   Number         4  clk.o(.text.CLK_EnablePLL)
    __arm_cp.13_9                            0x0000cdfc   Number         4  clk.o(.text.CLK_EnablePLL)
    __arm_cp.13_10                           0x0000ce00   Number         4  clk.o(.text.CLK_EnablePLL)
    __arm_cp.13_11                           0x0000ce04   Number         4  clk.o(.text.CLK_EnablePLL)
    __arm_cp.13_12                           0x0000ce08   Number         4  clk.o(.text.CLK_EnablePLL)
    __arm_cp.13_13                           0x0000ce0c   Number         4  clk.o(.text.CLK_EnablePLL)
    __arm_cp.13_14                           0x0000ce10   Number         4  clk.o(.text.CLK_EnablePLL)
    __arm_cp.13_15                           0x0000ce14   Number         4  clk.o(.text.CLK_EnablePLL)
    [Anonymous Symbol]                       0x0000ce18   Section        0  clk.o(.text.CLK_EnableXtalRC)
    __arm_cp.16_0                            0x0000ce2c   Number         4  clk.o(.text.CLK_EnableXtalRC)
    CLK_GetPLLClockFreq                      0x0000ce31   Thumb Code   156  system_nuc200series.o(.text.CLK_GetPLLClockFreq)
    [Anonymous Symbol]                       0x0000ce30   Section        0  system_nuc200series.o(.text.CLK_GetPLLClockFreq)
    CLK_GetPLLClockFreq                      0x0000cecd   Thumb Code   164  clk.o(.text.CLK_GetPLLClockFreq)
    [Anonymous Symbol]                       0x0000cecc   Section        0  clk.o(.text.CLK_GetPLLClockFreq)
    __arm_cp.19_1                            0x0000cf68   Number         4  clk.o(.text.CLK_GetPLLClockFreq)
    __arm_cp.19_2                            0x0000cf6c   Number         4  clk.o(.text.CLK_GetPLLClockFreq)
    CLK_GetPLLClockFreq                      0x0000cf71   Thumb Code   172  uart.o(.text.CLK_GetPLLClockFreq)
    [Anonymous Symbol]                       0x0000cf70   Section        0  uart.o(.text.CLK_GetPLLClockFreq)
    __arm_cp.9_0                             0x0000d00c   Number         4  uart.o(.text.CLK_GetPLLClockFreq)
    __arm_cp.9_2                             0x0000d010   Number         4  uart.o(.text.CLK_GetPLLClockFreq)
    __arm_cp.9_3                             0x0000d014   Number         4  uart.o(.text.CLK_GetPLLClockFreq)
    __arm_cp.9_4                             0x0000d018   Number         4  uart.o(.text.CLK_GetPLLClockFreq)
    [Anonymous Symbol]                       0x0000d01c   Section        0  clk.o(.text.CLK_SetCoreClock)
    __arm_cp.12_1                            0x0000d0d0   Number         4  clk.o(.text.CLK_SetCoreClock)
    __arm_cp.12_2                            0x0000d0d4   Number         4  clk.o(.text.CLK_SetCoreClock)
    __arm_cp.12_3                            0x0000d0d8   Number         4  clk.o(.text.CLK_SetCoreClock)
    __arm_cp.12_4                            0x0000d0dc   Number         4  clk.o(.text.CLK_SetCoreClock)
    __arm_cp.12_7                            0x0000d0e0   Number         4  clk.o(.text.CLK_SetCoreClock)
    [Anonymous Symbol]                       0x0000d0e4   Section        0  clk.o(.text.CLK_SetHCLK)
    __arm_cp.14_1                            0x0000d150   Number         4  clk.o(.text.CLK_SetHCLK)
    [Anonymous Symbol]                       0x0000d154   Section        0  clk.o(.text.CLK_SetModuleClock)
    __arm_cp.4_0                             0x0000d274   Number         4  clk.o(.text.CLK_SetModuleClock)
    __arm_cp.4_1                             0x0000d278   Number         4  clk.o(.text.CLK_SetModuleClock)
    __arm_cp.4_2                             0x0000d27c   Number         4  clk.o(.text.CLK_SetModuleClock)
    __arm_cp.4_3                             0x0000d280   Number         4  clk.o(.text.CLK_SetModuleClock)
    __arm_cp.4_4                             0x0000d284   Number         4  clk.o(.text.CLK_SetModuleClock)
    __arm_cp.4_5                             0x0000d288   Number         4  clk.o(.text.CLK_SetModuleClock)
    __arm_cp.4_6                             0x0000d28c   Number         4  clk.o(.text.CLK_SetModuleClock)
    __arm_cp.4_7                             0x0000d290   Number         4  clk.o(.text.CLK_SetModuleClock)
    __arm_cp.4_8                             0x0000d294   Number         4  clk.o(.text.CLK_SetModuleClock)
    [Anonymous Symbol]                       0x0000d298   Section        0  clk.o(.text.CLK_WaitClockReady)
    __arm_cp.18_0                            0x0000d2d0   Number         4  clk.o(.text.CLK_WaitClockReady)
    __arm_cp.18_1                            0x0000d2d4   Number         4  clk.o(.text.CLK_WaitClockReady)
    FMC_Erase                                0x0000d2d9   Thumb Code    84  bsp_nuc220x_bootloader.o(.text.FMC_Erase)
    [Anonymous Symbol]                       0x0000d2d8   Section        0  bsp_nuc220x_bootloader.o(.text.FMC_Erase)
    [Anonymous Symbol]                       0x0000d32c   Section        0  fmc.o(.text.FMC_Open)
    __arm_cp.9_0                             0x0000d338   Number         4  fmc.o(.text.FMC_Open)
    FMC_Read                                 0x0000d33d   Thumb Code    48  bsp_nuc220x_bootloader.o(.text.FMC_Read)
    [Anonymous Symbol]                       0x0000d33c   Section        0  bsp_nuc220x_bootloader.o(.text.FMC_Read)
    FMC_SetVectorPageAddr                    0x0000d36d   Thumb Code    44  bsp_nuc220x_bootloader.o(.text.FMC_SetVectorPageAddr)
    [Anonymous Symbol]                       0x0000d36c   Section        0  bsp_nuc220x_bootloader.o(.text.FMC_SetVectorPageAddr)
    FMC_Write                                0x0000d399   Thumb Code    68  bsp_nuc220x_bootloader.o(.text.FMC_Write)
    [Anonymous Symbol]                       0x0000d398   Section        0  bsp_nuc220x_bootloader.o(.text.FMC_Write)
    __arm_cp.5_0                             0x0000d3cc   Number         4  bsp_nuc220x_bootloader.o(.text.FMC_Write)
    __arm_cp.5_1                             0x0000d3d0   Number         4  bsp_nuc220x_bootloader.o(.text.FMC_Write)
    __arm_cp.5_2                             0x0000d3d4   Number         4  bsp_nuc220x_bootloader.o(.text.FMC_Write)
    __arm_cp.5_3                             0x0000d3d8   Number         4  bsp_nuc220x_bootloader.o(.text.FMC_Write)
    [Anonymous Symbol]                       0x0000d3dc   Section        0  gpio.o(.text.GPIO_SetMode)
    [Anonymous Symbol]                       0x0000d428   Section        0  retarget.o(.text.HardFault_Handler)
    __arm_cp.2_0                             0x0000d444   Number         4  retarget.o(.text.HardFault_Handler)
    [Anonymous Symbol]                       0x0000d448   Section        0  retarget.o(.text.Hard_Fault_Handler)
    __arm_cp.0_0                             0x0000d464   Number         4  retarget.o(.text.Hard_Fault_Handler)
    NVIC_EnableIRQ                           0x0000d469   Thumb Code    32  bsp_nuc220x_system.o(.text.NVIC_EnableIRQ)
    [Anonymous Symbol]                       0x0000d468   Section        0  bsp_nuc220x_system.o(.text.NVIC_EnableIRQ)
    __arm_cp.6_0                             0x0000d484   Number         4  bsp_nuc220x_system.o(.text.NVIC_EnableIRQ)
    NVIC_SetPriority                         0x0000d489   Thumb Code   136  bsp_nuc220x_system.o(.text.NVIC_SetPriority)
    [Anonymous Symbol]                       0x0000d488   Section        0  bsp_nuc220x_system.o(.text.NVIC_SetPriority)
    __arm_cp.5_0                             0x0000d508   Number         4  bsp_nuc220x_system.o(.text.NVIC_SetPriority)
    __arm_cp.5_1                             0x0000d50c   Number         4  bsp_nuc220x_system.o(.text.NVIC_SetPriority)
    [Anonymous Symbol]                       0x0000d510   Section        0  bsp_nuc220x_rtc.o(.text.RTC_IRQHandler)
    __arm_cp.0_0                             0x0000d52c   Number         4  bsp_nuc220x_rtc.o(.text.RTC_IRQHandler)
    [Anonymous Symbol]                       0x0000d530   Section        0  bsp_nuc220x_system.o(.text.SB_Timer1_Init)
    __arm_cp.3_0                             0x0000d594   Number         4  bsp_nuc220x_system.o(.text.SB_Timer1_Init)
    __arm_cp.3_1                             0x0000d598   Number         4  bsp_nuc220x_system.o(.text.SB_Timer1_Init)
    __arm_cp.3_3                             0x0000d59c   Number         4  bsp_nuc220x_system.o(.text.SB_Timer1_Init)
    [Anonymous Symbol]                       0x0000d5a0   Section        0  bsp_nuc220x_system.o(.text.SYS_Init)
    __arm_cp.0_0                             0x0000d5dc   Number         4  bsp_nuc220x_system.o(.text.SYS_Init)
    [Anonymous Symbol]                       0x0000d5e0   Section        0  sys.o(.text.SYS_ResetModule)
    __arm_cp.7_0                             0x0000d614   Number         4  sys.o(.text.SYS_ResetModule)
    __arm_cp.7_1                             0x0000d618   Number         4  sys.o(.text.SYS_ResetModule)
    SYS_UnlockReg                            0x0000d61d   Thumb Code    36  bsp_nuc220x_system.o(.text.SYS_UnlockReg)
    [Anonymous Symbol]                       0x0000d61c   Section        0  bsp_nuc220x_system.o(.text.SYS_UnlockReg)
    __arm_cp.24_0                            0x0000d63c   Number         4  bsp_nuc220x_system.o(.text.SYS_UnlockReg)
    [Anonymous Symbol]                       0x0000d640   Section        0  retarget.o(.text.SendChar)
    [Anonymous Symbol]                       0x0000d650   Section        0  retarget.o(.text.SendChar_ToUART)
    __arm_cp.3_0                             0x0000d690   Number         4  retarget.o(.text.SendChar_ToUART)
    __arm_cp.3_1                             0x0000d694   Number         4  retarget.o(.text.SendChar_ToUART)
    [Anonymous Symbol]                       0x0000d698   Section        0  system_nuc200series.o(.text.SystemCoreClockUpdate)
    __arm_cp.0_0                             0x0000d6f8   Number         4  system_nuc200series.o(.text.SystemCoreClockUpdate)
    __arm_cp.0_1                             0x0000d6fc   Number         4  system_nuc200series.o(.text.SystemCoreClockUpdate)
    __arm_cp.0_2                             0x0000d700   Number         4  system_nuc200series.o(.text.SystemCoreClockUpdate)
    __arm_cp.0_5                             0x0000d704   Number         4  system_nuc200series.o(.text.SystemCoreClockUpdate)
    __arm_cp.0_6                             0x0000d708   Number         4  system_nuc200series.o(.text.SystemCoreClockUpdate)
    __arm_cp.0_7                             0x0000d70c   Number         4  system_nuc200series.o(.text.SystemCoreClockUpdate)
    [Anonymous Symbol]                       0x0000d710   Section        0  system_nuc200series.o(.text.SystemInit)
    TIMER_ClearIntFlag                       0x0000d713   Thumb Code    14  bsp_nuc220x_system.o(.text.TIMER_ClearIntFlag)
    [Anonymous Symbol]                       0x0000d712   Section        0  bsp_nuc220x_system.o(.text.TIMER_ClearIntFlag)
    TIMER_EnableInt                          0x0000d721   Thumb Code    20  bsp_nuc220x_system.o(.text.TIMER_EnableInt)
    [Anonymous Symbol]                       0x0000d720   Section        0  bsp_nuc220x_system.o(.text.TIMER_EnableInt)
    TIMER_GetIntFlag                         0x0000d735   Thumb Code    16  bsp_nuc220x_system.o(.text.TIMER_GetIntFlag)
    [Anonymous Symbol]                       0x0000d734   Section        0  bsp_nuc220x_system.o(.text.TIMER_GetIntFlag)
    [Anonymous Symbol]                       0x0000d744   Section        0  timer.o(.text.TIMER_GetModuleClock)
    __arm_cp.1_0                             0x0000d7dc   Number         4  timer.o(.text.TIMER_GetModuleClock)
    __arm_cp.1_3                             0x0000d7e0   Number         4  timer.o(.text.TIMER_GetModuleClock)
    __arm_cp.1_5                             0x0000d7e4   Number         4  timer.o(.text.TIMER_GetModuleClock)
    [Anonymous Symbol]                       0x0000d7e8   Section        0  timer.o(.text.TIMER_Open)
    TIMER_Start                              0x0000d85f   Thumb Code    20  bsp_nuc220x_system.o(.text.TIMER_Start)
    [Anonymous Symbol]                       0x0000d85e   Section        0  bsp_nuc220x_system.o(.text.TIMER_Start)
    [Anonymous Symbol]                       0x0000d874   Section        0  bsp_nuc220x_system.o(.text.TMR0_IRQHandler)
    __arm_cp.8_1                             0x0000d894   Number         4  bsp_nuc220x_system.o(.text.TMR0_IRQHandler)
    [Anonymous Symbol]                       0x0000d898   Section        0  bsp_nuc220x_system.o(.text.TMR1_IRQHandler)
    __arm_cp.13_0                            0x0000d8b8   Number         4  bsp_nuc220x_system.o(.text.TMR1_IRQHandler)
    __arm_cp.13_1                            0x0000d8bc   Number         4  bsp_nuc220x_system.o(.text.TMR1_IRQHandler)
    [Anonymous Symbol]                       0x0000d8c0   Section        0  uart.o(.text.UART_Open)
    __arm_cp.8_0                             0x0000d998   Number         4  uart.o(.text.UART_Open)
    __arm_cp.8_1                             0x0000d99c   Number         4  uart.o(.text.UART_Open)
    __arm_cp.8_2                             0x0000d9a0   Number         4  uart.o(.text.UART_Open)
    __arm_cp.8_3                             0x0000d9a4   Number         4  uart.o(.text.UART_Open)
    [Anonymous Symbol]                       0x0000d9a8   Section        0  bsp_nuc220x_system.o(.text.WDT_IRQHandler)
    __arm_cp.20_0                            0x0000d9d4   Number         4  bsp_nuc220x_system.o(.text.WDT_IRQHandler)
    __arm_cp.20_1                            0x0000d9d8   Number         4  bsp_nuc220x_system.o(.text.WDT_IRQHandler)
    [Anonymous Symbol]                       0x0000d9dc   Section        0  bsp_nuc220x_system.o(.text.bsp_nu220x_systems_init)
    [Anonymous Symbol]                       0x0000d9f4   Section        0  bsp_nuc220x_system.o(.text.bsp_nu220x_systick_enable)
    __arm_cp.2_1                             0x0000da68   Number         4  bsp_nuc220x_system.o(.text.bsp_nu220x_systick_enable)
    __arm_cp.2_2                             0x0000da6c   Number         4  bsp_nuc220x_system.o(.text.bsp_nu220x_systick_enable)
    __arm_cp.2_3                             0x0000da70   Number         4  bsp_nuc220x_system.o(.text.bsp_nu220x_systick_enable)
    [Anonymous Symbol]                       0x0000da74   Section        0  bsp_nuc220x_system.o(.text.bsp_nuc220x_TIMER0_init)
    __arm_cp.1_0                             0x0000dafc   Number         4  bsp_nuc220x_system.o(.text.bsp_nuc220x_TIMER0_init)
    __arm_cp.1_1                             0x0000db00   Number         4  bsp_nuc220x_system.o(.text.bsp_nuc220x_TIMER0_init)
    __arm_cp.1_2                             0x0000db04   Number         4  bsp_nuc220x_system.o(.text.bsp_nuc220x_TIMER0_init)
    __arm_cp.1_4                             0x0000db08   Number         4  bsp_nuc220x_system.o(.text.bsp_nuc220x_TIMER0_init)
    __arm_cp.1_5                             0x0000db0c   Number         4  bsp_nuc220x_system.o(.text.bsp_nuc220x_TIMER0_init)
    __arm_cp.1_6                             0x0000db10   Number         4  bsp_nuc220x_system.o(.text.bsp_nuc220x_TIMER0_init)
    __arm_cp.1_7                             0x0000db14   Number         4  bsp_nuc220x_system.o(.text.bsp_nuc220x_TIMER0_init)
    [Anonymous Symbol]                       0x0000db18   Section        0  bsp_nuc220x_uart.o(.text.bsp_nuc220x_UART_init)
    __arm_cp.0_2                             0x0000db9c   Number         4  bsp_nuc220x_uart.o(.text.bsp_nuc220x_UART_init)
    __arm_cp.0_3                             0x0000dba0   Number         4  bsp_nuc220x_uart.o(.text.bsp_nuc220x_UART_init)
    __arm_cp.0_4                             0x0000dba4   Number         4  bsp_nuc220x_uart.o(.text.bsp_nuc220x_UART_init)
    __arm_cp.0_5                             0x0000dba8   Number         4  bsp_nuc220x_uart.o(.text.bsp_nuc220x_UART_init)
    [Anonymous Symbol]                       0x0000dbac   Section        0  bsp_nuc220x_uart.o(.text.bsp_nuc220x_UART_receive_data)
    [Anonymous Symbol]                       0x0000dbfa   Section        0  bsp_nuc220x_uart.o(.text.bsp_nuc220x_UART_send_data)
    [Anonymous Symbol]                       0x0000dc48   Section        0  retarget.o(.text.fputc)
    [Anonymous Symbol]                       0x0000dc5c   Section        0  main.o(.text.main)
    __arm_cp.0_0                             0x0000dca8   Number         4  main.o(.text.main)
    __arm_cp.0_1                             0x0000dcac   Number         4  main.o(.text.main)
    __arm_cp.0_2                             0x0000dcb0   Number         4  main.o(.text.main)
    __arm_cp.0_3                             0x0000dcb4   Number         4  main.o(.text.main)
    stackDump                                0x0000dcb9   Thumb Code   152  retarget.o(.text.stackDump)
    [Anonymous Symbol]                       0x0000dcb8   Section        0  retarget.o(.text.stackDump)
    __arm_cp.1_0                             0x0000dd30   Number         4  retarget.o(.text.stackDump)
    __arm_cp.1_1                             0x0000dd34   Number         4  retarget.o(.text.stackDump)
    __arm_cp.1_2                             0x0000dd38   Number         4  retarget.o(.text.stackDump)
    __arm_cp.1_3                             0x0000dd3c   Number         4  retarget.o(.text.stackDump)
    __arm_cp.1_4                             0x0000dd40   Number         4  retarget.o(.text.stackDump)
    __arm_cp.1_5                             0x0000dd44   Number         4  retarget.o(.text.stackDump)
    __arm_cp.1_6                             0x0000dd48   Number         4  retarget.o(.text.stackDump)
    __arm_cp.1_7                             0x0000dd4c   Number         4  retarget.o(.text.stackDump)
    i.__0printf                              0x0000dd50   Section        0  printfa.o(i.__0printf)
    i.__ARM_clz                              0x0000dd70   Section        0  depilogue.o(i.__ARM_clz)
    i.__scatterload_copy                     0x0000dd9e   Section       14  handlers.o(i.__scatterload_copy)
    i.__scatterload_null                     0x0000ddac   Section        2  handlers.o(i.__scatterload_null)
    i.__scatterload_zeroinit                 0x0000ddae   Section       14  handlers.o(i.__scatterload_zeroinit)
    _fp_digits                               0x0000ddbd   Thumb Code   344  printfa.o(i._fp_digits)
    i._fp_digits                             0x0000ddbc   Section        0  printfa.o(i._fp_digits)
    _printf_core                             0x0000df31   Thumb Code  1754  printfa.o(i._printf_core)
    i._printf_core                           0x0000df30   Section        0  printfa.o(i._printf_core)
    _printf_post_padding                     0x0000e61d   Thumb Code    32  printfa.o(i._printf_post_padding)
    i._printf_post_padding                   0x0000e61c   Section        0  printfa.o(i._printf_post_padding)
    _printf_pre_padding                      0x0000e63d   Thumb Code    44  printfa.o(i._printf_pre_padding)
    i._printf_pre_padding                    0x0000e63c   Section        0  printfa.o(i._printf_pre_padding)
    .L__const.CLK_SetModuleClock.u32SelTbl   0x0000e668   Data          16  clk.o(.rodata.cst16)
    .L__const.CLK_EnableModuleClock.u32OffsetTbl 0x0000e678   Data          16  clk.o(.rodata.cst16)
    .L__const.CLK_DisableModuleClock.u32OffsetTbl 0x0000e688   Data          16  clk.o(.rodata.cst16)
    .L__const.UART_Open.u32ClkTbl            0x0000e698   Data          16  uart.o(.rodata.cst16)
    .L__const.UART_SetLine_Config.u32ClkTbl  0x0000e6a8   Data          16  uart.o(.rodata.cst16)
    .L__const.UART_SelectIrDAMode.u32ClkTbl  0x0000e6b8   Data          16  uart.o(.rodata.cst16)
    .L__const.TIMER_GetModuleClock.au32Clk   0x0000e6c8   Data          32  timer.o(.rodata.cst32)
    .L__const.CLK_SetModuleClock.u32DivTbl   0x0000e6e8   Data           8  clk.o(.rodata.cst8)
    .L.str                                   0x0000e6f0   Data          34  bsp_nuc220x_system.o(.rodata.str1.1)
    [Anonymous Symbol]                       0x0000e6f0   Section        0  bsp_nuc220x_system.o(.rodata.str1.1)
    .L.str.1                                 0x0000e712   Data          53  bsp_nuc220x_system.o(.rodata.str1.1)
    .L.str.2                                 0x0000e712   Data          14  bsp_nuc220x_bootloader.o(.rodata.str1.1)
    [Anonymous Symbol]                       0x0000e712   Section        0  bsp_nuc220x_bootloader.o(.rodata.str1.1)
    .L.str.3                                 0x0000e720   Data          14  bsp_nuc220x_bootloader.o(.rodata.str1.1)
    .L.str.7                                 0x0000e72e   Data          21  bsp_nuc220x_bootloader.o(.rodata.str1.1)
    .L.str.1                                 0x0000e743   Data          11  bsp_nuc220x_bootloader.o(.rodata.str1.1)
    .L.str.8                                 0x0000e74e   Data          21  bsp_nuc220x_bootloader.o(.rodata.str1.1)
    .L.str.4                                 0x0000e763   Data           8  bsp_nuc220x_bootloader.o(.rodata.str1.1)
    .L.str                                   0x0000e76b   Data          11  bsp_nuc220x_bootloader.o(.rodata.str1.1)
    .L.str.6                                 0x0000e776   Data          18  bsp_nuc220x_bootloader.o(.rodata.str1.1)
    .L.str.5                                 0x0000e788   Data           9  bsp_nuc220x_bootloader.o(.rodata.str1.1)
    .L.str                                   0x0000e791   Data          23  retarget.o(.rodata.str1.1)
    [Anonymous Symbol]                       0x0000e791   Section        0  retarget.o(.rodata.str1.1)
    .L.str.1                                 0x0000e7a8   Data          12  retarget.o(.rodata.str1.1)
    .L.str.2                                 0x0000e7b4   Data          12  retarget.o(.rodata.str1.1)
    .L.str.3                                 0x0000e7c0   Data          12  retarget.o(.rodata.str1.1)
    .L.str.4                                 0x0000e7cc   Data          12  retarget.o(.rodata.str1.1)
    .L.str.7                                 0x0000e7d8   Data          12  retarget.o(.rodata.str1.1)
    .L.str.6                                 0x0000e7e4   Data          12  retarget.o(.rodata.str1.1)
    .L.str.5                                 0x0000e7f0   Data          12  retarget.o(.rodata.str1.1)
    .L.str.8                                 0x0000e7fc   Data          12  retarget.o(.rodata.str1.1)
    .L.str                                   0x0000e808   Data          12  main.o(.rodata.str1.1)
    [Anonymous Symbol]                       0x0000e808   Section        0  main.o(.rodata.str1.1)
    tick_cnt                                 0x20000114   Data           4  bsp_nuc220x_system.o(.bss.tick_cnt)
    [Anonymous Symbol]                       0x20000114   Section        0  bsp_nuc220x_system.o(.bss.tick_cnt)
    STACK                                    0x20000120   Section     1024  startup_nuc200series.o(STACK)

    Global Symbols

    Symbol Name                              Value     Ov Type        Size  Object(Section)

    BuildAttributes$$THM_ISAv3M$S$PE$A:L22$X:L11$S22$IEEE1$IW$~IW$USESV6$~STKCKD$USESV7$~SHL$OSPACE$ROPI$EBA8$MICROLIB$REQ8$PRES8$EABIv2 0x00000000   Number         0  anon$$obj.o ABSOLUTE
    __cpp_initialize__aeabi_                  - Undefined Weak Reference
    __cxa_finalize                            - Undefined Weak Reference
    __decompress                              - Undefined Weak Reference
    _clock_init                               - Undefined Weak Reference
    _microlib_exit                            - Undefined Weak Reference
    __Vectors                                0x0000c000   Data           4  startup_nuc200series.o(RESET)
    __main                                   0x0000c0c1   Thumb Code     0  entry.o(.ARM.Collect$$$$00000000)
    _main_stk                                0x0000c0c1   Thumb Code     0  entry2.o(.ARM.Collect$$$$00000001)
    _main_scatterload                        0x0000c0c5   Thumb Code     0  entry5.o(.ARM.Collect$$$$00000004)
    __main_after_scatterload                 0x0000c0c9   Thumb Code     0  entry5.o(.ARM.Collect$$$$00000004)
    _main_clock                              0x0000c0c9   Thumb Code     0  entry7b.o(.ARM.Collect$$$$00000008)
    _main_cpp_init                           0x0000c0c9   Thumb Code     0  entry8b.o(.ARM.Collect$$$$0000000A)
    _main_init                               0x0000c0c9   Thumb Code     0  entry9a.o(.ARM.Collect$$$$0000000B)
    __rt_final_cpp                           0x0000c0d1   Thumb Code     0  entry10a.o(.ARM.Collect$$$$0000000D)
    __rt_final_exit                          0x0000c0d1   Thumb Code     0  entry11a.o(.ARM.Collect$$$$0000000F)
    Reset_Handler                            0x0000c0d5   Thumb Code    32  startup_nuc200series.o(.text)
    NMI_Handler                              0x0000c0f5   Thumb Code     2  startup_nuc200series.o(.text)
    SVC_Handler                              0x0000c0f9   Thumb Code     2  startup_nuc200series.o(.text)
    PendSV_Handler                           0x0000c0fb   Thumb Code     2  startup_nuc200series.o(.text)
    SysTick_Handler                          0x0000c0fd   Thumb Code     2  startup_nuc200series.o(.text)
    ACMP_IRQHandler                          0x0000c0ff   Thumb Code     0  startup_nuc200series.o(.text)
    ADC_IRQHandler                           0x0000c0ff   Thumb Code     0  startup_nuc200series.o(.text)
    BOD_IRQHandler                           0x0000c0ff   Thumb Code     0  startup_nuc200series.o(.text)
    CAN0_IRQHandler                          0x0000c0ff   Thumb Code     0  startup_nuc200series.o(.text)
    CAN1_IRQHandler                          0x0000c0ff   Thumb Code     0  startup_nuc200series.o(.text)
    EINT0_IRQHandler                         0x0000c0ff   Thumb Code     0  startup_nuc200series.o(.text)
    EINT1_IRQHandler                         0x0000c0ff   Thumb Code     0  startup_nuc200series.o(.text)
    GPAB_IRQHandler                          0x0000c0ff   Thumb Code     0  startup_nuc200series.o(.text)
    GPCDEF_IRQHandler                        0x0000c0ff   Thumb Code     0  startup_nuc200series.o(.text)
    I2C0_IRQHandler                          0x0000c0ff   Thumb Code     0  startup_nuc200series.o(.text)
    I2C1_IRQHandler                          0x0000c0ff   Thumb Code     0  startup_nuc200series.o(.text)
    I2S_IRQHandler                           0x0000c0ff   Thumb Code     0  startup_nuc200series.o(.text)
    PDMA_IRQHandler                          0x0000c0ff   Thumb Code     0  startup_nuc200series.o(.text)
    PS2_IRQHandler                           0x0000c0ff   Thumb Code     0  startup_nuc200series.o(.text)
    PWMA_IRQHandler                          0x0000c0ff   Thumb Code     0  startup_nuc200series.o(.text)
    PWMB_IRQHandler                          0x0000c0ff   Thumb Code     0  startup_nuc200series.o(.text)
    PWRWU_IRQHandler                         0x0000c0ff   Thumb Code     0  startup_nuc200series.o(.text)
    SC012_IRQHandler                         0x0000c0ff   Thumb Code     0  startup_nuc200series.o(.text)
    SPI0_IRQHandler                          0x0000c0ff   Thumb Code     0  startup_nuc200series.o(.text)
    SPI1_IRQHandler                          0x0000c0ff   Thumb Code     0  startup_nuc200series.o(.text)
    SPI2_IRQHandler                          0x0000c0ff   Thumb Code     0  startup_nuc200series.o(.text)
    SPI3_IRQHandler                          0x0000c0ff   Thumb Code     0  startup_nuc200series.o(.text)
    TMR2_IRQHandler                          0x0000c0ff   Thumb Code     0  startup_nuc200series.o(.text)
    TMR3_IRQHandler                          0x0000c0ff   Thumb Code     0  startup_nuc200series.o(.text)
    UART02_IRQHandler                        0x0000c0ff   Thumb Code     0  startup_nuc200series.o(.text)
    UART1_IRQHandler                         0x0000c0ff   Thumb Code     0  startup_nuc200series.o(.text)
    USBD_IRQHandler                          0x0000c0ff   Thumb Code     0  startup_nuc200series.o(.text)
    __aeabi_uidiv                            0x0000c121   Thumb Code     0  uidiv.o(.text)
    __aeabi_uidivmod                         0x0000c121   Thumb Code    44  uidiv.o(.text)
    __aeabi_uldivmod                         0x0000c14d   Thumb Code    96  uldiv.o(.text)
    __I$use$fp                               0x0000c1ad   Thumb Code     0  iusefp.o(.text)
    __aeabi_dadd                             0x0000c1ad   Thumb Code   328  dadd.o(.text)
    __aeabi_dsub                             0x0000c2f5   Thumb Code    12  dadd.o(.text)
    __aeabi_drsub                            0x0000c301   Thumb Code    12  dadd.o(.text)
    __aeabi_dmul                             0x0000c311   Thumb Code   202  dmul.o(.text)
    __aeabi_ddiv                             0x0000c3e1   Thumb Code   234  ddiv.o(.text)
    __aeabi_d2ulz                            0x0000c4d1   Thumb Code    54  dfixul.o(.text)
    __aeabi_cdrcmple                         0x0000c511   Thumb Code    38  cdrcmple.o(.text)
    __scatterload                            0x0000c539   Thumb Code    28  init.o(.text)
    __scatterload_rt2                        0x0000c539   Thumb Code     0  init.o(.text)
    __aeabi_llsl                             0x0000c55d   Thumb Code    32  llshl.o(.text)
    _ll_shift_l                              0x0000c55d   Thumb Code     0  llshl.o(.text)
    __aeabi_llsr                             0x0000c57d   Thumb Code    34  llushr.o(.text)
    _ll_ushift_r                             0x0000c57d   Thumb Code     0  llushr.o(.text)
    __aeabi_lasr                             0x0000c59f   Thumb Code    38  llsshr.o(.text)
    _ll_sshift_r                             0x0000c59f   Thumb Code     0  llsshr.o(.text)
    _double_round                            0x0000c5c5   Thumb Code    26  depilogue.o(.text)
    _double_epilogue                         0x0000c5df   Thumb Code   164  depilogue.o(.text)
    BL_CalCheckSum                           0x0000c683   Thumb Code    66  bsp_nuc220x_bootloader.o(.text.BL_CalCheckSum)
    BL_Cmd_Mem_Write_Handle                  0x0000c6c5   Thumb Code   120  bsp_nuc220x_bootloader.o(.text.BL_Cmd_Mem_Write_Handle)
    BL_Cmd_Update_Firmware_Handle            0x0000c73d   Thumb Code   228  bsp_nuc220x_bootloader.o(.text.BL_Cmd_Update_Firmware_Handle)
    BL_Enable_APROM_Update                   0x0000c821   Thumb Code    24  bsp_nuc220x_bootloader.o(.text.BL_Enable_APROM_Update)
    BL_Mem_Write                             0x0000c839   Thumb Code   144  bsp_nuc220x_bootloader.o(.text.BL_Mem_Write)
    BL_PreProcess                            0x0000c8c9   Thumb Code   592  bsp_nuc220x_bootloader.o(.text.BL_PreProcess)
    BL_Process                               0x0000cb19   Thumb Code   176  bsp_nuc220x_bootloader.o(.text.BL_Process)
    CLK_EnableModuleClock                    0x0000cbc9   Thumb Code    64  clk.o(.text.CLK_EnableModuleClock)
    CLK_EnablePLL                            0x0000cc09   Thumb Code   528  clk.o(.text.CLK_EnablePLL)
    CLK_EnableXtalRC                         0x0000ce19   Thumb Code    24  clk.o(.text.CLK_EnableXtalRC)
    CLK_SetCoreClock                         0x0000d01d   Thumb Code   200  clk.o(.text.CLK_SetCoreClock)
    CLK_SetHCLK                              0x0000d0e5   Thumb Code   112  clk.o(.text.CLK_SetHCLK)
    CLK_SetModuleClock                       0x0000d155   Thumb Code   324  clk.o(.text.CLK_SetModuleClock)
    CLK_WaitClockReady                       0x0000d299   Thumb Code    64  clk.o(.text.CLK_WaitClockReady)
    FMC_Open                                 0x0000d32d   Thumb Code    16  fmc.o(.text.FMC_Open)
    GPIO_SetMode                             0x0000d3dd   Thumb Code    76  gpio.o(.text.GPIO_SetMode)
    HardFault_Handler                        0x0000d429   Thumb Code    32  retarget.o(.text.HardFault_Handler)
    Hard_Fault_Handler                       0x0000d449   Thumb Code    32  retarget.o(.text.Hard_Fault_Handler)
    RTC_IRQHandler                           0x0000d511   Thumb Code    32  bsp_nuc220x_rtc.o(.text.RTC_IRQHandler)
    SB_Timer1_Init                           0x0000d531   Thumb Code   112  bsp_nuc220x_system.o(.text.SB_Timer1_Init)
    SYS_Init                                 0x0000d5a1   Thumb Code    64  bsp_nuc220x_system.o(.text.SYS_Init)
    SYS_ResetModule                          0x0000d5e1   Thumb Code    60  sys.o(.text.SYS_ResetModule)
    SendChar                                 0x0000d641   Thumb Code    16  retarget.o(.text.SendChar)
    SendChar_ToUART                          0x0000d651   Thumb Code    72  retarget.o(.text.SendChar_ToUART)
    SystemCoreClockUpdate                    0x0000d699   Thumb Code   120  system_nuc200series.o(.text.SystemCoreClockUpdate)
    SystemInit                               0x0000d711   Thumb Code     2  system_nuc200series.o(.text.SystemInit)
    TIMER_GetModuleClock                     0x0000d745   Thumb Code   164  timer.o(.text.TIMER_GetModuleClock)
    TIMER_Open                               0x0000d7e9   Thumb Code   118  timer.o(.text.TIMER_Open)
    TMR0_IRQHandler                          0x0000d875   Thumb Code    36  bsp_nuc220x_system.o(.text.TMR0_IRQHandler)
    TMR1_IRQHandler                          0x0000d899   Thumb Code    40  bsp_nuc220x_system.o(.text.TMR1_IRQHandler)
    UART_Open                                0x0000d8c1   Thumb Code   232  uart.o(.text.UART_Open)
    WDT_IRQHandler                           0x0000d9a9   Thumb Code    52  bsp_nuc220x_system.o(.text.WDT_IRQHandler)
    bsp_nu220x_systems_init                  0x0000d9dd   Thumb Code    22  bsp_nuc220x_system.o(.text.bsp_nu220x_systems_init)
    bsp_nu220x_systick_enable                0x0000d9f5   Thumb Code   128  bsp_nuc220x_system.o(.text.bsp_nu220x_systick_enable)
    bsp_nuc220x_TIMER0_init                  0x0000da75   Thumb Code   164  bsp_nuc220x_system.o(.text.bsp_nuc220x_TIMER0_init)
    bsp_nuc220x_UART_init                    0x0000db19   Thumb Code   148  bsp_nuc220x_uart.o(.text.bsp_nuc220x_UART_init)
    bsp_nuc220x_UART_receive_data            0x0000dbad   Thumb Code    78  bsp_nuc220x_uart.o(.text.bsp_nuc220x_UART_receive_data)
    bsp_nuc220x_UART_send_data               0x0000dbfb   Thumb Code    78  bsp_nuc220x_uart.o(.text.bsp_nuc220x_UART_send_data)
    fputc                                    0x0000dc49   Thumb Code    20  retarget.o(.text.fputc)
    main                                     0x0000dc5d   Thumb Code    92  main.o(.text.main)
    __0printf                                0x0000dd51   Thumb Code    24  printfa.o(i.__0printf)
    __1printf                                0x0000dd51   Thumb Code     0  printfa.o(i.__0printf)
    __2printf                                0x0000dd51   Thumb Code     0  printfa.o(i.__0printf)
    __c89printf                              0x0000dd51   Thumb Code     0  printfa.o(i.__0printf)
    printf                                   0x0000dd51   Thumb Code     0  printfa.o(i.__0printf)
    __ARM_clz                                0x0000dd71   Thumb Code    46  depilogue.o(i.__ARM_clz)
    __scatterload_copy                       0x0000dd9f   Thumb Code    14  handlers.o(i.__scatterload_copy)
    __scatterload_null                       0x0000ddad   Thumb Code     2  handlers.o(i.__scatterload_null)
    __scatterload_zeroinit                   0x0000ddaf   Thumb Code    14  handlers.o(i.__scatterload_zeroinit)
    Region$$Table$$Base                      0x0000e814   Number         0  anon$$obj.o(Region$$Table)
    Region$$Table$$Limit                     0x0000e834   Number         0  anon$$obj.o(Region$$Table)
    CyclesPerUs                              0x20000000   Data           4  system_nuc200series.o(.data.CyclesPerUs)
    PllClock                                 0x20000004   Data           4  system_nuc200series.o(.data.PllClock)
    SystemCoreClock                          0x20000008   Data           4  system_nuc200series.o(.data.SystemCoreClock)
    gau32ClkSrcTbl                           0x2000000c   Data          32  system_nuc200series.o(.data.gau32ClkSrcTbl)
    BL_Temp                                  0x20000030   Data           1  bsp_nuc220x_bootloader.o(.bss.BL_Temp)
    RX_BUFFER                                0x20000031   Data         200  bsp_nuc220x_bootloader.o(.bss.RX_BUFFER)
    ResetFunc                                0x200000fc   Data           4  bsp_nuc220x_bootloader.o(.bss.ResetFunc)
    __stdout                                 0x20000100   Data           4  retarget.o(.bss.__stdout)
    bl_option                                0x20000104   Data           1  bsp_nuc220x_bootloader.o(.bss.bl_option)
    ssr_fw1_status                           0x20000108   Data           4  bsp_nuc220x_bootloader.o(.bss.ssr_fw1_status)
    ssr_fw2_status                           0x2000010c   Data           4  bsp_nuc220x_bootloader.o(.bss.ssr_fw2_status)
    ssr_operating_fw                         0x20000110   Data           4  bsp_nuc220x_bootloader.o(.bss.ssr_operating_fw)
    tick_timer1                              0x20000118   Data           2  bsp_nuc220x_system.o(.bss.tick_timer1)
    __initial_sp                             0x20000520   Data           0  startup_nuc200series.o(STACK)



==============================================================================

Memory Map of the image

  Image entry point : Not specified.

  Load Region LR_IROM1 (Base: 0x0000c000, Size: 0x00002868, Max: 0x00020000, ABSOLUTE)

    Execution Region ER_IROM1 (Exec base: 0x0000c000, Load base: 0x0000c000, Size: 0x00002834, Max: 0x00020000, ABSOLUTE)

    Exec Addr    Load Addr    Size         Type   Attr      Idx    E Section Name        Object

    0x0000c000   0x0000c000   0x000000c0   Data   RO          159    RESET               startup_nuc200series.o
    0x0000c0c0   0x0000c0c0   0x00000000   Code   RO          487  * .ARM.Collect$$$$00000000  mc_p.l(entry.o)
    0x0000c0c0   0x0000c0c0   0x00000004   Code   RO          522    .ARM.Collect$$$$00000001  mc_p.l(entry2.o)
    0x0000c0c4   0x0000c0c4   0x00000004   Code   RO          525    .ARM.Collect$$$$00000004  mc_p.l(entry5.o)
    0x0000c0c8   0x0000c0c8   0x00000000   Code   RO          527    .ARM.Collect$$$$00000008  mc_p.l(entry7b.o)
    0x0000c0c8   0x0000c0c8   0x00000000   Code   RO          529    .ARM.Collect$$$$0000000A  mc_p.l(entry8b.o)
    0x0000c0c8   0x0000c0c8   0x00000008   Code   RO          530    .ARM.Collect$$$$0000000B  mc_p.l(entry9a.o)
    0x0000c0d0   0x0000c0d0   0x00000000   Code   RO          532    .ARM.Collect$$$$0000000D  mc_p.l(entry10a.o)
    0x0000c0d0   0x0000c0d0   0x00000000   Code   RO          534    .ARM.Collect$$$$0000000F  mc_p.l(entry11a.o)
    0x0000c0d0   0x0000c0d0   0x00000004   Code   RO          523    .ARM.Collect$$$$00002712  mc_p.l(entry2.o)
    0x0000c0d4   0x0000c0d4   0x0000004c   Code   RO          160  * .text               startup_nuc200series.o
    0x0000c120   0x0000c120   0x0000002c   Code   RO          490    .text               mc_p.l(uidiv.o)
    0x0000c14c   0x0000c14c   0x00000060   Code   RO          536    .text               mc_p.l(uldiv.o)
    0x0000c1ac   0x0000c1ac   0x00000000   Code   RO          538    .text               mc_p.l(iusefp.o)
    0x0000c1ac   0x0000c1ac   0x00000164   Code   RO          539    .text               mf_p.l(dadd.o)
    0x0000c310   0x0000c310   0x000000d0   Code   RO          541    .text               mf_p.l(dmul.o)
    0x0000c3e0   0x0000c3e0   0x000000f0   Code   RO          543    .text               mf_p.l(ddiv.o)
    0x0000c4d0   0x0000c4d0   0x00000040   Code   RO          545    .text               mf_p.l(dfixul.o)
    0x0000c510   0x0000c510   0x00000028   Code   RO          547    .text               mf_p.l(cdrcmple.o)
    0x0000c538   0x0000c538   0x00000024   Code   RO          549    .text               mc_p.l(init.o)
    0x0000c55c   0x0000c55c   0x00000020   Code   RO          551    .text               mc_p.l(llshl.o)
    0x0000c57c   0x0000c57c   0x00000022   Code   RO          553    .text               mc_p.l(llushr.o)
    0x0000c59e   0x0000c59e   0x00000026   Code   RO          555    .text               mc_p.l(llsshr.o)
    0x0000c5c4   0x0000c5c4   0x000000be   Code   RO          557    .text               mf_p.l(depilogue.o)
    0x0000c682   0x0000c682   0x00000042   Code   RO          107    .text.BL_CalCheckSum  bsp_nuc220x_bootloader.o
    0x0000c6c4   0x0000c6c4   0x00000078   Code   RO          105    .text.BL_Cmd_Mem_Write_Handle  bsp_nuc220x_bootloader.o
    0x0000c73c   0x0000c73c   0x000000e4   Code   RO          115    .text.BL_Cmd_Update_Firmware_Handle  bsp_nuc220x_bootloader.o
    0x0000c820   0x0000c820   0x00000018   Code   RO          121    .text.BL_Enable_APROM_Update  bsp_nuc220x_bootloader.o
    0x0000c838   0x0000c838   0x00000090   Code   RO          109    .text.BL_Mem_Write  bsp_nuc220x_bootloader.o
    0x0000c8c8   0x0000c8c8   0x00000250   Code   RO          123    .text.BL_PreProcess  bsp_nuc220x_bootloader.o
    0x0000cb18   0x0000cb18   0x000000b0   Code   RO          103    .text.BL_Process    bsp_nuc220x_bootloader.o
    0x0000cbc8   0x0000cbc8   0x00000040   Code   RO          184    .text.CLK_EnableModuleClock  clk.o
    0x0000cc08   0x0000cc08   0x00000210   Code   RO          204    .text.CLK_EnablePLL  clk.o
    0x0000ce18   0x0000ce18   0x00000018   Code   RO          210    .text.CLK_EnableXtalRC  clk.o
    0x0000ce30   0x0000ce30   0x0000009c   Code   RO          142    .text.CLK_GetPLLClockFreq  system_nuc200series.o
    0x0000cecc   0x0000cecc   0x000000a4   Code   RO          216    .text.CLK_GetPLLClockFreq  clk.o
    0x0000cf70   0x0000cf70   0x000000ac   Code   RO          446    .text.CLK_GetPLLClockFreq  uart.o
    0x0000d01c   0x0000d01c   0x000000c8   Code   RO          202    .text.CLK_SetCoreClock  clk.o
    0x0000d0e4   0x0000d0e4   0x00000070   Code   RO          206    .text.CLK_SetHCLK   clk.o
    0x0000d154   0x0000d154   0x00000144   Code   RO          186    .text.CLK_SetModuleClock  clk.o
    0x0000d298   0x0000d298   0x00000040   Code   RO          214    .text.CLK_WaitClockReady  clk.o
    0x0000d2d8   0x0000d2d8   0x00000054   Code   RO          111    .text.FMC_Erase     bsp_nuc220x_bootloader.o
    0x0000d32c   0x0000d32c   0x00000010   Code   RO          252    .text.FMC_Open      fmc.o
    0x0000d33c   0x0000d33c   0x00000030   Code   RO          117    .text.FMC_Read      bsp_nuc220x_bootloader.o
    0x0000d36c   0x0000d36c   0x0000002c   Code   RO          119    .text.FMC_SetVectorPageAddr  bsp_nuc220x_bootloader.o
    0x0000d398   0x0000d398   0x00000044   Code   RO          113    .text.FMC_Write     bsp_nuc220x_bootloader.o
    0x0000d3dc   0x0000d3dc   0x0000004c   Code   RO          271    .text.GPIO_SetMode  gpio.o
    0x0000d428   0x0000d428   0x00000020   Code   RO          288    .text.HardFault_Handler  retarget.o
    0x0000d448   0x0000d448   0x00000020   Code   RO          284    .text.Hard_Fault_Handler  retarget.o
    0x0000d468   0x0000d468   0x00000020   Code   RO           32    .text.NVIC_EnableIRQ  bsp_nuc220x_system.o
    0x0000d488   0x0000d488   0x00000088   Code   RO           30    .text.NVIC_SetPriority  bsp_nuc220x_system.o
    0x0000d510   0x0000d510   0x00000020   Code   RO           85    .text.RTC_IRQHandler  bsp_nuc220x_rtc.o
    0x0000d530   0x0000d530   0x00000070   Code   RO           26    .text.SB_Timer1_Init  bsp_nuc220x_system.o
    0x0000d5a0   0x0000d5a0   0x00000040   Code   RO           20    .text.SYS_Init      bsp_nuc220x_system.o
    0x0000d5e0   0x0000d5e0   0x0000003c   Code   RO          391    .text.SYS_ResetModule  sys.o
    0x0000d61c   0x0000d61c   0x00000024   Code   RO           68    .text.SYS_UnlockReg  bsp_nuc220x_system.o
    0x0000d640   0x0000d640   0x00000010   Code   RO          292    .text.SendChar      retarget.o
    0x0000d650   0x0000d650   0x00000048   Code   RO          290    .text.SendChar_ToUART  retarget.o
    0x0000d698   0x0000d698   0x00000078   Code   RO          140    .text.SystemCoreClockUpdate  system_nuc200series.o
    0x0000d710   0x0000d710   0x00000002   Code   RO          144    .text.SystemInit    system_nuc200series.o
    0x0000d712   0x0000d712   0x0000000e   Code   RO           40    .text.TIMER_ClearIntFlag  bsp_nuc220x_system.o
    0x0000d720   0x0000d720   0x00000014   Code   RO           28    .text.TIMER_EnableInt  bsp_nuc220x_system.o
    0x0000d734   0x0000d734   0x00000010   Code   RO           38    .text.TIMER_GetIntFlag  bsp_nuc220x_system.o
    0x0000d744   0x0000d744   0x000000a4   Code   RO          406    .text.TIMER_GetModuleClock  timer.o
    0x0000d7e8   0x0000d7e8   0x00000076   Code   RO          404    .text.TIMER_Open    timer.o
    0x0000d85e   0x0000d85e   0x00000014   Code   RO           34    .text.TIMER_Start   bsp_nuc220x_system.o
    0x0000d872   0x0000d872   0x00000002   PAD
    0x0000d874   0x0000d874   0x00000024   Code   RO           36    .text.TMR0_IRQHandler  bsp_nuc220x_system.o
    0x0000d898   0x0000d898   0x00000028   Code   RO           46    .text.TMR1_IRQHandler  bsp_nuc220x_system.o
    0x0000d8c0   0x0000d8c0   0x000000e8   Code   RO          444    .text.UART_Open     uart.o
    0x0000d9a8   0x0000d9a8   0x00000034   Code   RO           60    .text.WDT_IRQHandler  bsp_nuc220x_system.o
    0x0000d9dc   0x0000d9dc   0x00000016   Code   RO           66    .text.bsp_nu220x_systems_init  bsp_nuc220x_system.o
    0x0000d9f2   0x0000d9f2   0x00000002   PAD
    0x0000d9f4   0x0000d9f4   0x00000080   Code   RO           24    .text.bsp_nu220x_systick_enable  bsp_nuc220x_system.o
    0x0000da74   0x0000da74   0x000000a4   Code   RO           22    .text.bsp_nuc220x_TIMER0_init  bsp_nuc220x_system.o
    0x0000db18   0x0000db18   0x00000094   Code   RO            2    .text.bsp_nuc220x_UART_init  bsp_nuc220x_uart.o
    0x0000dbac   0x0000dbac   0x0000004e   Code   RO            6    .text.bsp_nuc220x_UART_receive_data  bsp_nuc220x_uart.o
    0x0000dbfa   0x0000dbfa   0x0000004e   Code   RO            4    .text.bsp_nuc220x_UART_send_data  bsp_nuc220x_uart.o
    0x0000dc48   0x0000dc48   0x00000014   Code   RO          302    .text.fputc         retarget.o
    0x0000dc5c   0x0000dc5c   0x0000005c   Code   RO          479    .text.main          main.o
    0x0000dcb8   0x0000dcb8   0x00000098   Code   RO          286    .text.stackDump     retarget.o
    0x0000dd50   0x0000dd50   0x00000020   Code   RO          495    i.__0printf         mc_p.l(printfa.o)
    0x0000dd70   0x0000dd70   0x0000002e   Code   RO          559    i.__ARM_clz         mf_p.l(depilogue.o)
    0x0000dd9e   0x0000dd9e   0x0000000e   Code   RO          563    i.__scatterload_copy  mc_p.l(handlers.o)
    0x0000ddac   0x0000ddac   0x00000002   Code   RO          564    i.__scatterload_null  mc_p.l(handlers.o)
    0x0000ddae   0x0000ddae   0x0000000e   Code   RO          565    i.__scatterload_zeroinit  mc_p.l(handlers.o)
    0x0000ddbc   0x0000ddbc   0x00000174   Code   RO          502    i._fp_digits        mc_p.l(printfa.o)
    0x0000df30   0x0000df30   0x000006ec   Code   RO          503    i._printf_core      mc_p.l(printfa.o)
    0x0000e61c   0x0000e61c   0x00000020   Code   RO          504    i._printf_post_padding  mc_p.l(printfa.o)
    0x0000e63c   0x0000e63c   0x0000002c   Code   RO          505    i._printf_pre_padding  mc_p.l(printfa.o)
    0x0000e668   0x0000e668   0x00000030   Data   RO          224    .rodata.cst16       clk.o
    0x0000e698   0x0000e698   0x00000030   Data   RO          462    .rodata.cst16       uart.o
    0x0000e6c8   0x0000e6c8   0x00000020   Data   RO          420    .rodata.cst32       timer.o
    0x0000e6e8   0x0000e6e8   0x00000008   Data   RO          225    .rodata.cst8        clk.o
    0x0000e6f0   0x0000e6f0   0x00000022   Data   RO           76    .rodata.str1.1      bsp_nuc220x_system.o
    0x0000e712   0x0000e712   0x0000007f   Data   RO          131    .rodata.str1.1      bsp_nuc220x_bootloader.o
    0x0000e791   0x0000e791   0x00000077   Data   RO          308    .rodata.str1.1      retarget.o
    0x0000e808   0x0000e808   0x0000000c   Data   RO          481    .rodata.str1.1      main.o
    0x0000e814   0x0000e814   0x00000020   Data   RO          562    Region$$Table       anon$$obj.o


    Execution Region RW_IRAM1 (Exec base: 0x20000000, Load base: 0x0000e838, Size: 0x00000520, Max: 0x00004000, ABSOLUTE)

    Exec Addr    Load Addr    Size         Type   Attr      Idx    E Section Name        Object

    0x20000000   0x0000e838   0x00000004   Data   RW          147    .data.CyclesPerUs   system_nuc200series.o
    0x20000004   0x0000e83c   0x00000004   Data   RW          148    .data.PllClock      system_nuc200series.o
    0x20000008   0x0000e840   0x00000004   Data   RW          146    .data.SystemCoreClock  system_nuc200series.o
    0x2000000c   0x0000e844   0x00000020   Data   RW          149    .data.gau32ClkSrcTbl  system_nuc200series.o
    0x2000002c   0x0000e864   0x00000004   PAD
    0x20000030        -       0x00000001   Zero   RW          126    .bss.BL_Temp        bsp_nuc220x_bootloader.o
    0x20000031        -       0x000000c8   Zero   RW          125    .bss.RX_BUFFER      bsp_nuc220x_bootloader.o
    0x200000f9   0x0000e864   0x00000003   PAD
    0x200000fc        -       0x00000004   Zero   RW          132    .bss.ResetFunc      bsp_nuc220x_bootloader.o
    0x20000100        -       0x00000004   Zero   RW          309    .bss.__stdout       retarget.o
    0x20000104        -       0x00000001   Zero   RW          130    .bss.bl_option      bsp_nuc220x_bootloader.o
    0x20000105   0x0000e864   0x00000003   PAD
    0x20000108        -       0x00000004   Zero   RW          128    .bss.ssr_fw1_status  bsp_nuc220x_bootloader.o
    0x2000010c        -       0x00000004   Zero   RW          129    .bss.ssr_fw2_status  bsp_nuc220x_bootloader.o
    0x20000110        -       0x00000004   Zero   RW          127    .bss.ssr_operating_fw  bsp_nuc220x_bootloader.o
    0x20000114        -       0x00000004   Zero   RW           74    .bss.tick_cnt       bsp_nuc220x_system.o
    0x20000118        -       0x00000002   Zero   RW           75    .bss.tick_timer1    bsp_nuc220x_system.o
    0x2000011a   0x0000e864   0x00000006   PAD
    0x20000120        -       0x00000400   Zero   RW          157    STACK               startup_nuc200series.o


==============================================================================

Image component sizes


      Code (inc. data)   RO Data    RW Data    ZI Data      Debug   Object Name

      1594        108        127          0        218       5969   bsp_nuc220x_bootloader.o
        32          4          0          0          0       1744   bsp_nuc220x_rtc.o
       892         92         34          0          6       6826   bsp_nuc220x_system.o
       304         16          0          0          0       3163   bsp_nuc220x_uart.o
      1480        136         56          0          0       6619   clk.o
        16          4          0          0          0       3158   fmc.o
        76          0          0          0          0       1367   gpio.o
        92         16         12          0          0       1206   main.o
       324         48        119          0          4       3067   retarget.o
        76         32        192          0       1024        732   startup_nuc200series.o
        60          8          0          0          0       2506   sys.o
       278         24          0         44          0       2137   system_nuc200series.o
       282         12         32          0          0       3222   timer.o
       404         32         48          0          0       6610   uart.o

    ----------------------------------------------------------------------
      5914        532        652         44       1268      48326   Object Totals
         0          0         32          0          0          0   (incl. Generated)
         4          0          0          0         16          0   (incl. Padding)

    ----------------------------------------------------------------------

      Code (inc. data)   RO Data    RW Data    ZI Data      Debug   Library Member Name

         0          0          0          0          0          0   entry.o
         0          0          0          0          0          0   entry10a.o
         0          0          0          0          0          0   entry11a.o
         8          4          0          0          0          0   entry2.o
         4          0          0          0          0          0   entry5.o
         0          0          0          0          0          0   entry7b.o
         0          0          0          0          0          0   entry8b.o
         8          4          0          0          0          0   entry9a.o
        30          0          0          0          0          0   handlers.o
        36          8          0          0          0         68   init.o
         0          0          0          0          0          0   iusefp.o
        32          0          0          0          0         68   llshl.o
        38          0          0          0          0         68   llsshr.o
        34          0          0          0          0         68   llushr.o
      2252         98          0          0          0        412   printfa.o
        44          0          0          0          0         72   uidiv.o
        96          0          0          0          0         84   uldiv.o
        40          2          0          0          0         68   cdrcmple.o
       356          4          0          0          0        140   dadd.o
       240          6          0          0          0         84   ddiv.o
       236          0          0          0          0        216   depilogue.o
        64         10          0          0          0         68   dfixul.o
       208          6          0          0          0         88   dmul.o

    ----------------------------------------------------------------------
      3726        142          0          0          0       1504   Library Totals
         0          0          0          0          0          0   (incl. Padding)

    ----------------------------------------------------------------------

      Code (inc. data)   RO Data    RW Data    ZI Data      Debug   Library Name

      2582        114          0          0          0        840   mc_p.l
      1144         28          0          0          0        664   mf_p.l

    ----------------------------------------------------------------------
      3726        142          0          0          0       1504   Library Totals

    ----------------------------------------------------------------------

==============================================================================


      Code (inc. data)   RO Data    RW Data    ZI Data      Debug   

      9640        674        652         44       1268      49078   Grand Totals
      9640        674        652         44       1268      49078   ELF Image Totals
      9640        674        652         44          0          0   ROM Totals

==============================================================================

    Total RO  Size (Code + RO Data)                10292 (  10.05kB)
    Total RW  Size (RW Data + ZI Data)              1312 (   1.28kB)
    Total ROM Size (Code + RO Data + RW Data)      10336 (  10.09kB)

==============================================================================

